MPLINK 5.08, LINKER
Linker Map File - Created Thu Sep 02 10:05:05 2021

                                 Section Info
                  Section       Type    Address   Location Size(Bytes)
                ---------  ---------  ---------  ---------  ---------
                   .org_0       code   0x000000    program   0x00006e
                   .cinit    romdata   0x000037    program   0x000004
.config_2007_BUILD/DEFAULT/DEBUG/TEST1.O       code   0x002007    program   0x000002
.config_2008_BUILD/DEFAULT/DEBUG/TEST1.O       code   0x002008    program   0x000002



                              Program Memory Usage 
                               Start         End      
                           ---------   ---------      
                            0x000000    0x000038      
                            0x002007    0x002008      
            59 out of 8455 program addresses used, program memory utilization is 0%



                              Symbols - Sorted by Name
                     Name    Address   Location    Storage File                     
                ---------  ---------  ---------  --------- ---------                
                  DEC_MED   0x00001d    program     static C:\Users\ASUS\Documents\GitHub\DigIIC_MICROS\Test\test.X\test1.asm
                  INC_VAR   0x000015    program     static C:\Users\ASUS\Documents\GitHub\DigIIC_MICROS\Test\test.X\test1.asm
                     INIT   0x000022    program     static C:\Users\ASUS\Documents\GitHub\DigIIC_MICROS\Test\test.X\test1.asm
           LED_AMARI_FUNC   0x00000f    program     static C:\Users\ASUS\Documents\GitHub\DigIIC_MICROS\Test\test.X\test1.asm
           LED_GREEN_FUNC   0x00002f    program     static C:\Users\ASUS\Documents\GitHub\DigIIC_MICROS\Test\test.X\test1.asm
             LED_RED_FUNC   0x00002b    program     static C:\Users\ASUS\Documents\GitHub\DigIIC_MICROS\Test\test.X\test1.asm
            LED_ROJO_FUNC   0x000012    program     static C:\Users\ASUS\Documents\GitHub\DigIIC_MICROS\Test\test.X\test1.asm
           LED_VERDE_FUNC   0x00000c    program     static C:\Users\ASUS\Documents\GitHub\DigIIC_MICROS\Test\test.X\test1.asm
          LED_YELLOW_FUNC   0x000033    program     static C:\Users\ASUS\Documents\GitHub\DigIIC_MICROS\Test\test.X\test1.asm
                VERIF_127   0x000002    program     static C:\Users\ASUS\Documents\GitHub\DigIIC_MICROS\Test\test.X\test1.asm
                 VERIF_64   0x000007    program     static C:\Users\ASUS\Documents\GitHub\DigIIC_MICROS\Test\test.X\test1.asm



                              Symbols - Sorted by Address
                     Name    Address   Location    Storage File                     
                ---------  ---------  ---------  --------- ---------                
                VERIF_127   0x000002    program     static C:\Users\ASUS\Documents\GitHub\DigIIC_MICROS\Test\test.X\test1.asm
                 VERIF_64   0x000007    program     static C:\Users\ASUS\Documents\GitHub\DigIIC_MICROS\Test\test.X\test1.asm
           LED_VERDE_FUNC   0x00000c    program     static C:\Users\ASUS\Documents\GitHub\DigIIC_MICROS\Test\test.X\test1.asm
           LED_AMARI_FUNC   0x00000f    program     static C:\Users\ASUS\Documents\GitHub\DigIIC_MICROS\Test\test.X\test1.asm
            LED_ROJO_FUNC   0x000012    program     static C:\Users\ASUS\Documents\GitHub\DigIIC_MICROS\Test\test.X\test1.asm
                  INC_VAR   0x000015    program     static C:\Users\ASUS\Documents\GitHub\DigIIC_MICROS\Test\test.X\test1.asm
                  DEC_MED   0x00001d    program     static C:\Users\ASUS\Documents\GitHub\DigIIC_MICROS\Test\test.X\test1.asm
                     INIT   0x000022    program     static C:\Users\ASUS\Documents\GitHub\DigIIC_MICROS\Test\test.X\test1.asm
             LED_RED_FUNC   0x00002b    program     static C:\Users\ASUS\Documents\GitHub\DigIIC_MICROS\Test\test.X\test1.asm
           LED_GREEN_FUNC   0x00002f    program     static C:\Users\ASUS\Documents\GitHub\DigIIC_MICROS\Test\test.X\test1.asm
          LED_YELLOW_FUNC   0x000033    program     static C:\Users\ASUS\Documents\GitHub\DigIIC_MICROS\Test\test.X\test1.asm


