Microchip MPLAB XC8 Compiler V1.41 ()

Linker command line:

-W-3 --edf=D:\mplab\dat\en_msgs.txt -cs \
  -h+dist/default/production\UART.X.production.sym \
  --cmf=dist/default/production\UART.X.production.cmf -z -Q16F887 \
  -oC:\Users\ASUS\AppData\Local\Temp\s3h0.2 \
  -Mdist/default/production/UART.X.production.map -E1 -ver=XC8 \
  -ASTACK=0110h-016fh -pstack=STACK -ACODE=00h-07FFhx4 -ASTRCODE=00h-01FFFh \
  -ASTRING=00h-0FFhx32 -ACONST=00h-0FFhx32 -AENTRY=00h-0FFhx32 \
  -ACOMMON=070h-07Fh -ABANK0=020h-06Fh -ABANK1=0A0h-0EFh \
  -ABANK2=0110h-016Fh -ABANK3=0190h-01EFh \
  -ARAM=020h-06Fh,0A0h-0EFh,0110h-016Fh,0190h-01EFh \
  -AABS1=020h-07Fh,0A0h-0EFh,0110h-016Fh,0190h-01EFh -ASFR0=00h-01Fh \
  -ASFR1=080h-09Fh -ASFR2=0100h-010Fh -ASFR3=0180h-018Fh \
  -preset_vec=00h,intentry,init,end_init -ppowerup=CODE -pcinit=CODE \
  -pfunctab=CODE -ACONFIG=02007h-02008h -pconfig=CONFIG -DCONFIG=2 \
  -AIDLOC=02000h-02003h -pidloc=IDLOC -DIDLOC=2 -AEEDATA=00h-0FFh/02100h \
  -peeprom_data=EEDATA -DEEDATA=2 -DCODE=2 -DSTRCODE=2 -DSTRING=2 -DCONST=2 \
  -DENTRY=2 -k C:\Users\ASUS\AppData\Local\Temp\s3h0.obj \
  dist/default/production\UART.X.production.obj 

Object code version is 3.11

Machine type is 16F887



                Name                               Link     Load   Length Selector   Space Scale
C:\Users\ASUS\AppData\Local\Temp\s3h0.obj
                end_init                              0        0        3        0       0
                config                             2007     2007        2     400E       0
dist/default/production\UART.X.production.obj
                cinit                               7EA      7EA       16      FD4       0
                text7                               3D2      3D2       5B      7A4       0
                text6                               387      387       4B      70E       0
                text5                               42D      42D       6C      85A       0
                text4                               366      366       21      6CC       0
                text3                               525      525       B8      A4A       0
                text2                               5DD      5DD       D1      BBA       0
                text1                               499      499       8C      932       0
                maintext                            6AE      6AE      13C      D5C       0
                cstackBANK0                          20       20       22       20       1
                cstackCOMMON                         70       70        E       70       1
                inittext                            343      343       11      686       0
                dataBANK0                            42       42       12       20       1
                bssBANK0                             54       54        6       20       1
                idataBANK0                          354      354       12      6A8       0

TOTAL           Name                               Link     Load   Length     Space
        CLASS   STACK          

        CLASS   CODE           
                end_init                              0        0        3         0
                cinit                               7EA      7EA       16         0
                text7                               3D2      3D2       5B         0
                text6                               387      387       4B         0
                text5                               42D      42D       6C         0
                text4                               366      366       21         0
                text3                               525      525       B8         0
                text2                               5DD      5DD       D1         0
                text1                               499      499       8C         0
                maintext                            6AE      6AE      13C         0
                inittext                            343      343       11         0
                idataBANK0                          354      354       12         0

        CLASS   STRCODE        

        CLASS   STRING         

        CLASS   CONST          

        CLASS   ENTRY          

        CLASS   COMMON         
                cstackCOMMON                         70       70        E         1

        CLASS   BANK0          
                cstackBANK0                          20       20       22         1
                dataBANK0                            42       42       12         1
                bssBANK0                             54       54        6         1

        CLASS   BANK1          

        CLASS   BANK2          

        CLASS   BANK3          

        CLASS   RAM            

        CLASS   ABS1           
                abs_s1                               7E       7E        2         1

        CLASS   SFR0           

        CLASS   SFR1           

        CLASS   SFR2           

        CLASS   SFR3           

        CLASS   CONFIG         
                config                             2007     2007        2         0

        CLASS   IDLOC          

        CLASS   EEDATA         



SEGMENTS        Name                           Load    Length   Top    Selector   Space  Class     Delta

                reset_vec                      000000  000003  000003         0       0  CODE        2
                cstackBANK0                    000020  00003A  00005A        20       1  BANK0       1
                cstackCOMMON                   000070  00000E  00007E        70       1  COMMON      1
                inittext                       000343  000011  000354       686       0  CODE        2
                idataBANK0                     000354  000012  000366       6A8       0  CODE        2
                text4                          000366  000021  000387       6CC       0  CODE        2
                text6                          000387  00004B  0003D2       70E       0  CODE        2
                text7                          0003D2  00005B  00042D       7A4       0  CODE        2
                text5                          00042D  00006C  000499       85A       0  CODE        2
                text1                          000499  00008C  000525       932       0  CODE        2
                text3                          000525  0000B8  0005DD       A4A       0  CODE        2
                text2                          0005DD  0000D1  0006AE       BBA       0  CODE        2
                maintext                       0006AE  00013C  0007EA       D5C       0  CODE        2
                cinit                          0007EA  000016  000800       FD4       0  CODE        2
                config                         002007  000002  002009      400E       0  CONFIG      2


UNUSED ADDRESS RANGES

        Name                Unused          Largest block    Delta
        BANK0            005A-006F             16           1
        BANK1            00A0-00EF             50           1
        BANK2            0110-016F             60           1
        BANK3            0190-01EF             60           1
        CODE             0003-0342            340           2
                         0800-1FFF            800
        CONST            0003-0342            100           2
                         0800-1FFF            100
        EEDATA           2100-21FF            100           2
        ENTRY            0003-0342            100           2
                         0800-1FFF            100
        IDLOC            2000-2003              4           2
        RAM              005A-006F             16           1
                         00A0-00EF             50
                         0110-016F             60
                         0190-01EF             60
        SFR0             0000-001F             20           1
        SFR1             0080-009F             20           1
        SFR2             0100-010F             10           1
        SFR3             0180-018F             10           1
        STACK            0110-016F             60           1
        STRCODE          0003-0342            340           2
                         0800-1FFF           1800
        STRING           0003-0342            100           2
                         0800-1FFF            100

                                  Symbol Table

?___awdiv                cstackCOMMON 0077
?___awmod                cstackCOMMON 0070
?___awtoft               cstackCOMMON 0078
?___ftdiv                cstackBANK0  002A
?___ftmul                cstackCOMMON 0078
?___ftpack               cstackCOMMON 0070
?___fttol                cstackCOMMON 0070
_ADCON0bits              (abs)        001F
_ADCON1bits              (abs)        009F
_ADRESH                  (abs)        001E
_ADRESL                  (abs)        009E
_ANSEL                   (abs)        0188
_BAUDCTLbits             (abs)        0187
_RC6                     (abs)        003E
_RCSTAbits               (abs)        0018
_SPBRG                   (abs)        0099
_TRISA0                  (abs)        0428
_TXREG                   (abs)        0019
_TXSTAbits               (abs)        0098
__CFG_BOR4V$BOR40V       (abs)        0000
__CFG_BOREN$ON           (abs)        0000
__CFG_CP$OFF             (abs)        0000
__CFG_CPD$OFF            (abs)        0000
__CFG_FCMEN$ON           (abs)        0000
__CFG_FOSC$XT            (abs)        0000
__CFG_IESO$ON            (abs)        0000
__CFG_LVP$ON             (abs)        0000
__CFG_MCLRE$ON           (abs)        0000
__CFG_PWRTE$OFF          (abs)        0000
__CFG_WDTE$OFF           (abs)        0000
__CFG_WRT$OFF            (abs)        0000
__Habs1                  abs1         0000
__Hbank0                 bank0        0000
__Hbank1                 bank1        0000
__Hbank2                 bank2        0000
__Hbank3                 bank3        0000
__HbssBANK0              bssBANK0     0000
__Hcinit                 cinit        0800
__Hclrtext               clrtext      0000
__Hcode                  code         0000
__Hcommon                common       0000
__Hconfig                config       2009
__HcstackBANK0           cstackBANK0  0000
__HcstackCOMMON          cstackCOMMON 0000
__HdataBANK0             dataBANK0    0000
__Heeprom_data           eeprom_data  0000
__Hend_init              end_init     0003
__Hfunctab               functab      0000
__HidataBANK0            idataBANK0   0000
__Hidloc                 idloc        0000
__Hinit                  init         0000
__Hinittext              inittext     0000
__Hintentry              intentry     0000
__Hmaintext              maintext     0000
__Hpowerup               powerup      0000
__Hram                   ram          0000
__Hreset_vec             reset_vec    0000
__Hsfr0                  sfr0         0000
__Hsfr1                  sfr1         0000
__Hsfr2                  sfr2         0000
__Hsfr3                  sfr3         0000
__Hspace_0               (abs)        2009
__Hspace_1               (abs)        007E
__Hspace_2               (abs)        0000
__Hspace_3               (abs)        0000
__Hstack                 stack        0000
__Hstrings               strings      0000
__Htext                  text         0000
__Labs1                  abs1         0000
__Lbank0                 bank0        0000
__Lbank1                 bank1        0000
__Lbank2                 bank2        0000
__Lbank3                 bank3        0000
__LbssBANK0              bssBANK0     0000
__Lcinit                 cinit        07EA
__Lclrtext               clrtext      0000
__Lcode                  code         0000
__Lcommon                common       0000
__Lconfig                config       2007
__LcstackBANK0           cstackBANK0  0000
__LcstackCOMMON          cstackCOMMON 0000
__LdataBANK0             dataBANK0    0000
__Leeprom_data           eeprom_data  0000
__Lend_init              end_init     0000
__Lfunctab               functab      0000
__LidataBANK0            idataBANK0   0000
__Lidloc                 idloc        0000
__Linit                  init         0000
__Linittext              inittext     0000
__Lintentry              intentry     0000
__Lmaintext              maintext     0000
__Lpowerup               powerup      0000
__Lram                   ram          0000
__Lreset_vec             reset_vec    0000
__Lsfr0                  sfr0         0000
__Lsfr1                  sfr1         0000
__Lsfr2                  sfr2         0000
__Lsfr3                  sfr3         0000
__Lspace_0               (abs)        0000
__Lspace_1               (abs)        0000
__Lspace_2               (abs)        0000
__Lspace_3               (abs)        0000
__Lstack                 stack        0000
__Lstrings               strings      0000
__Ltext                  text         0000
__S0                     (abs)        2009
__S1                     (abs)        007E
__S2                     (abs)        0000
__S3                     (abs)        0000
___awdiv                 text7        03D2
___awdiv@counter         cstackBANK0  0020
___awdiv@dividend        cstackCOMMON 0079
___awdiv@divisor         cstackCOMMON 0077
___awdiv@quotient        cstackBANK0  0022
___awdiv@sign            cstackBANK0  0021
___awmod                 text6        0387
___awmod@counter         cstackCOMMON 0075
___awmod@dividend        cstackCOMMON 0072
___awmod@divisor         cstackCOMMON 0070
___awmod@sign            cstackCOMMON 0076
___awtoft                text4        0366
___awtoft@c              cstackCOMMON 0078
___awtoft@sign           cstackCOMMON 007D
___ftdiv                 text3        0525
___ftdiv@cntr            cstackBANK0  0034
___ftdiv@exp             cstackBANK0  0038
___ftdiv@f1              cstackBANK0  002D
___ftdiv@f2              cstackBANK0  002A
___ftdiv@f3              cstackBANK0  0035
___ftdiv@sign            cstackBANK0  0039
___ftmul                 text2        05DD
___ftmul@cntr            cstackBANK0  0028
___ftmul@exp             cstackBANK0  0024
___ftmul@f1              cstackCOMMON 0078
___ftmul@f2              cstackCOMMON 007B
___ftmul@f3_as_product   cstackBANK0  0025
___ftmul@sign            cstackBANK0  0029
___ftpack                text5        042D
___ftpack@arg            cstackCOMMON 0070
___ftpack@exp            cstackCOMMON 0073
___ftpack@sign           cstackCOMMON 0074
___fttol                 text1        0499
___fttol@exp1            cstackCOMMON 007D
___fttol@f1              cstackCOMMON 0070
___fttol@lval            cstackCOMMON 0079
___fttol@sign1           cstackCOMMON 0078
___int_sp                stack        0000
___latbits               (abs)        0002
___sp                    stack        0000
__end_of___awdiv         text7        042D
__end_of___awmod         text6        03D2
__end_of___awtoft        text4        0387
__end_of___ftdiv         text3        05DD
__end_of___ftmul         text2        06AE
__end_of___ftpack        text5        0499
__end_of___fttol         text1        0525
__end_of__initialization cinit        07FC
__end_of_main            maintext     07EA
__initialization         cinit        07EA
__pbssBANK0              bssBANK0     0054
__pcstackBANK0           cstackBANK0  0020
__pcstackCOMMON          cstackCOMMON 0070
__pdataBANK0             dataBANK0    0042
__pidataBANK0            idataBANK0   0354
__pmaintext              maintext     06AE
__ptext1                 text1        0499
__ptext2                 text2        05DD
__ptext3                 text3        0525
__ptext4                 text4        0366
__ptext5                 text5        042D
__ptext6                 text6        0387
__ptext7                 text7        03D2
__size_of___awdiv        (abs)        0000
__size_of___awmod        (abs)        0000
__size_of___awtoft       (abs)        0000
__size_of___ftdiv        (abs)        0000
__size_of___ftmul        (abs)        0000
__size_of___ftpack       (abs)        0000
__size_of___fttol        (abs)        0000
__size_of_main           (abs)        0000
_buffer_TX               dataBANK0    0042
_lm35                    bssBANK0     0059
_main                    maintext     06AE
_main$616                cstackBANK0  003E
_temp                    bssBANK0     0054
_value_adc               bssBANK0     0057
btemp                    (abs)        007E
end_of_initialization    cinit        07FC
init_fetch0              inittext     0343
init_ram0                inittext     0347
intlevel0                functab      0000
intlevel1                functab      0000
intlevel2                functab      0000
intlevel3                functab      0000
intlevel4                functab      0000
intlevel5                functab      0000
main@i                   cstackBANK0  0040
reset_vec                reset_vec    0000
stackhi                  (abs)        0000
stacklo                  (abs)        0000
start                    init         0000
start_initialization     cinit        07EA
wtemp0                   (abs)        007E


FUNCTION INFORMATION:

 *************** function _main *****************
 Defined at:
		line 12 in file "uart_lm35.c"
 Parameters:    Size  Location     Type
		None
 Auto vars:     Size  Location     Type
  i               2   32[BANK0 ] int 
 Return value:  Size  Location     Type
                  1    wreg      void 
 Registers used:
		wreg, fsr0l, fsr0h, status,2, status,0, btemp+1, pclath, cstack
 Tracked objects:
		On entry : 
		On exit  : 
		Unchanged: 
 Data sizes:     COMMON   BANK0   BANK1   BANK3   BANK2
      Params:         0       0       0       0       0
      Locals:         0       4       0       0       0
      Temps:          0       4       0       0       0
      Totals:         0       8       0       0       0
Total ram usage:        8 bytes
 Hardware stack levels required when called:    2
 This function calls:
		___awdiv
		___awmod
		___awtoft
		___ftdiv
		___ftmul
		___fttol
 This function is called by:
		Startup code after reset
 This function uses a non-reentrant model


 *************** function ___fttol *****************
 Defined at:
		line 44 in file "D:\mplab\sources\common\fttol.c"
 Parameters:    Size  Location     Type
  f1              3    0[COMMON] float 
 Auto vars:     Size  Location     Type
  lval            4    9[COMMON] unsigned long 
  exp1            1   13[COMMON] unsigned char 
  sign1           1    8[COMMON] unsigned char 
 Return value:  Size  Location     Type
                  4    0[COMMON] long 
 Registers used:
		wreg, status,2, status,0
 Tracked objects:
		On entry : 
		On exit  : 
		Unchanged: 
 Data sizes:     COMMON   BANK0   BANK1   BANK3   BANK2
      Params:         4       0       0       0       0
      Locals:         6       0       0       0       0
      Temps:          4       0       0       0       0
      Totals:        14       0       0       0       0
Total ram usage:       14 bytes
 Hardware stack levels used:    1
 This function calls:
		Nothing
 This function is called by:
		_main
 This function uses a non-reentrant model


 *************** function ___ftmul *****************
 Defined at:
		line 62 in file "D:\mplab\sources\common\ftmul.c"
 Parameters:    Size  Location     Type
  f1              3    8[COMMON] float 
  f2              3   11[COMMON] float 
 Auto vars:     Size  Location     Type
  f3_as_produc    3    5[BANK0 ] unsigned um
  sign            1    9[BANK0 ] unsigned char 
  cntr            1    8[BANK0 ] unsigned char 
  exp             1    4[BANK0 ] unsigned char 
 Return value:  Size  Location     Type
                  3    8[COMMON] float 
 Registers used:
		wreg, status,2, status,0, pclath, cstack
 Tracked objects:
		On entry : 
		On exit  : 
		Unchanged: 
 Data sizes:     COMMON   BANK0   BANK1   BANK3   BANK2
      Params:         6       0       0       0       0
      Locals:         0       6       0       0       0
      Temps:          0       4       0       0       0
      Totals:         6      10       0       0       0
Total ram usage:       16 bytes
 Hardware stack levels used:    1
 Hardware stack levels required when called:    1
 This function calls:
		___ftpack
 This function is called by:
		_main
 This function uses a non-reentrant model


 *************** function ___ftdiv *****************
 Defined at:
		line 56 in file "D:\mplab\sources\common\ftdiv.c"
 Parameters:    Size  Location     Type
  f2              3   10[BANK0 ] float 
  f1              3   13[BANK0 ] float 
 Auto vars:     Size  Location     Type
  f3              3   21[BANK0 ] float 
  sign            1   25[BANK0 ] unsigned char 
  exp             1   24[BANK0 ] unsigned char 
  cntr            1   20[BANK0 ] unsigned char 
 Return value:  Size  Location     Type
                  3   10[BANK0 ] float 
 Registers used:
		wreg, status,2, status,0, pclath, cstack
 Tracked objects:
		On entry : 
		On exit  : 
		Unchanged: 
 Data sizes:     COMMON   BANK0   BANK1   BANK3   BANK2
      Params:         0       6       0       0       0
      Locals:         0       6       0       0       0
      Temps:          0       4       0       0       0
      Totals:         0      16       0       0       0
Total ram usage:       16 bytes
 Hardware stack levels used:    1
 Hardware stack levels required when called:    1
 This function calls:
		___ftpack
 This function is called by:
		_main
 This function uses a non-reentrant model


 *************** function ___awtoft *****************
 Defined at:
		line 32 in file "D:\mplab\sources\common\awtoft.c"
 Parameters:    Size  Location     Type
  c               2    8[COMMON] int 
 Auto vars:     Size  Location     Type
  sign            1   13[COMMON] unsigned char 
 Return value:  Size  Location     Type
                  3    8[COMMON] float 
 Registers used:
		wreg, status,2, status,0, pclath, cstack
 Tracked objects:
		On entry : 
		On exit  : 
		Unchanged: 
 Data sizes:     COMMON   BANK0   BANK1   BANK3   BANK2
      Params:         3       0       0       0       0
      Locals:         1       0       0       0       0
      Temps:          2       0       0       0       0
      Totals:         6       0       0       0       0
Total ram usage:        6 bytes
 Hardware stack levels used:    1
 Hardware stack levels required when called:    1
 This function calls:
		___ftpack
 This function is called by:
		_main
 This function uses a non-reentrant model


 *************** function ___ftpack *****************
 Defined at:
		line 62 in file "D:\mplab\sources\common\float.c"
 Parameters:    Size  Location     Type
  arg             3    0[COMMON] unsigned um
  exp             1    3[COMMON] unsigned char 
  sign            1    4[COMMON] unsigned char 
 Auto vars:     Size  Location     Type
		None
 Return value:  Size  Location     Type
                  3    0[COMMON] float 
 Registers used:
		wreg, status,2, status,0
 Tracked objects:
		On entry : 
		On exit  : 
		Unchanged: 
 Data sizes:     COMMON   BANK0   BANK1   BANK3   BANK2
      Params:         5       0       0       0       0
      Locals:         0       0       0       0       0
      Temps:          3       0       0       0       0
      Totals:         8       0       0       0       0
Total ram usage:        8 bytes
 Hardware stack levels used:    1
 This function calls:
		Nothing
 This function is called by:
		___awtoft
		___ftdiv
		___ftmul
 This function uses a non-reentrant model


 *************** function ___awmod *****************
 Defined at:
		line 6 in file "D:\mplab\sources\common\awmod.c"
 Parameters:    Size  Location     Type
  divisor         2    0[COMMON] int 
  dividend        2    2[COMMON] int 
 Auto vars:     Size  Location     Type
  sign            1    6[COMMON] unsigned char 
  counter         1    5[COMMON] unsigned char 
 Return value:  Size  Location     Type
                  2    0[COMMON] int 
 Registers used:
		wreg, status,2, status,0
 Tracked objects:
		On entry : 
		On exit  : 
		Unchanged: 
 Data sizes:     COMMON   BANK0   BANK1   BANK3   BANK2
      Params:         4       0       0       0       0
      Locals:         2       0       0       0       0
      Temps:          1       0       0       0       0
      Totals:         7       0       0       0       0
Total ram usage:        7 bytes
 Hardware stack levels used:    1
 This function calls:
		Nothing
 This function is called by:
		_main
 This function uses a non-reentrant model


 *************** function ___awdiv *****************
 Defined at:
		line 6 in file "D:\mplab\sources\common\awdiv.c"
 Parameters:    Size  Location     Type
  divisor         2    7[COMMON] int 
  dividend        2    9[COMMON] int 
 Auto vars:     Size  Location     Type
  quotient        2    2[BANK0 ] int 
  sign            1    1[BANK0 ] unsigned char 
  counter         1    0[BANK0 ] unsigned char 
 Return value:  Size  Location     Type
                  2    7[COMMON] int 
 Registers used:
		wreg, status,2, status,0
 Tracked objects:
		On entry : 
		On exit  : 
		Unchanged: 
 Data sizes:     COMMON   BANK0   BANK1   BANK3   BANK2
      Params:         4       0       0       0       0
      Locals:         0       4       0       0       0
      Temps:          1       0       0       0       0
      Totals:         5       4       0       0       0
Total ram usage:        9 bytes
 Hardware stack levels used:    1
 This function calls:
		Nothing
 This function is called by:
		_main
 This function uses a non-reentrant model



MODULE INFORMATION

Module		Function		Class		Link	Load	Size
D:\mplab\sources\common\float.c
		___ftpack      		CODE           	042D	0000	109

D:\mplab\sources\common\float.c estimated size: 109

D:\mplab\sources\common\awmod.c
		___awmod       		CODE           	0387	0000	76

D:\mplab\sources\common\awmod.c estimated size: 76

D:\mplab\sources\common\ftmul.c
		___ftmul       		CODE           	05DD	0000	210

D:\mplab\sources\common\ftmul.c estimated size: 210

D:\mplab\sources\common\awtoft.c
		___awtoft      		CODE           	0366	0000	34

D:\mplab\sources\common\awtoft.c estimated size: 34

D:\mplab\sources\common\ftdiv.c
		___ftdiv       		CODE           	0525	0000	185

D:\mplab\sources\common\ftdiv.c estimated size: 185

D:\mplab\sources\common\awdiv.c
		___awdiv       		CODE           	03D2	0000	92

D:\mplab\sources\common\awdiv.c estimated size: 92

shared
		__initialization		CODE           	07EA	0000	19

shared estimated size: 19

D:\mplab\sources\common\fttol.c
		___fttol       		CODE           	0499	0000	141

D:\mplab\sources\common\fttol.c estimated size: 141

uart_lm35.c
		_main          		CODE           	06AE	0000	317

uart_lm35.c estimated size: 317

