MPLINK 5.08, LINKER
Linker Map File - Created Mon Aug 23 05:38:12 2021

                                 Section Info
                  Section       Type    Address   Location Size(Bytes)
                ---------  ---------  ---------  ---------  ---------
                   .org_0       code   0x000000    program   0x00003c
                   .cinit    romdata   0x00001e    program   0x000004
.config_2007_BUILD/DEFAULT/PRODUCTION/TESTLOO       code   0x002007    program   0x000002
.config_2008_BUILD/DEFAULT/PRODUCTION/TESTLOO       code   0x002008    program   0x000002



                              Program Memory Usage 
                               Start         End      
                           ---------   ---------      
                            0x000000    0x00001f      
                            0x002007    0x002008      
            34 out of 8455 program addresses used, program memory utilization is 0%



                              Symbols - Sorted by Name
                     Name    Address   Location    Storage File                     
                ---------  ---------  ---------  --------- ---------                
                   ESCAPE   0x000007    program     static C:\Users\ASUS\Documents\GitHub\DigIIC_MICROS\TestGPIO\testasm\testasm.X\testloops.asm
                  ESCAPE1   0x00000f    program     static C:\Users\ASUS\Documents\GitHub\DigIIC_MICROS\TestGPIO\testasm\testasm.X\testloops.asm
                     INIT   0x000001    program     static C:\Users\ASUS\Documents\GitHub\DigIIC_MICROS\TestGPIO\testasm\testasm.X\testloops.asm
                     LOOP   0x00000b    program     static C:\Users\ASUS\Documents\GitHub\DigIIC_MICROS\TestGPIO\testasm\testasm.X\testloops.asm
                 LOOP_INC   0x000017    program     static C:\Users\ASUS\Documents\GitHub\DigIIC_MICROS\TestGPIO\testasm\testasm.X\testloops.asm



                              Symbols - Sorted by Address
                     Name    Address   Location    Storage File                     
                ---------  ---------  ---------  --------- ---------                
                     INIT   0x000001    program     static C:\Users\ASUS\Documents\GitHub\DigIIC_MICROS\TestGPIO\testasm\testasm.X\testloops.asm
                   ESCAPE   0x000007    program     static C:\Users\ASUS\Documents\GitHub\DigIIC_MICROS\TestGPIO\testasm\testasm.X\testloops.asm
                     LOOP   0x00000b    program     static C:\Users\ASUS\Documents\GitHub\DigIIC_MICROS\TestGPIO\testasm\testasm.X\testloops.asm
                  ESCAPE1   0x00000f    program     static C:\Users\ASUS\Documents\GitHub\DigIIC_MICROS\TestGPIO\testasm\testasm.X\testloops.asm
                 LOOP_INC   0x000017    program     static C:\Users\ASUS\Documents\GitHub\DigIIC_MICROS\TestGPIO\testasm\testasm.X\testloops.asm


