Microchip MPLAB XC8 Compiler V1.41 ()

Linker command line:

-W-3 --edf=D:\mplab\dat\en_msgs.txt -cs \
  -h+dist/default/production\TIMER.X.production.sym \
  --cmf=dist/default/production\TIMER.X.production.cmf -z -Q16F887 \
  -oC:\Users\ASUS\AppData\Local\Temp\s2jg.2 \
  -Mdist/default/production/TIMER.X.production.map -E1 -ver=XC8 \
  -ASTACK=0110h-016fh -pstack=STACK -ACODE=00h-07FFhx4 -ASTRCODE=00h-01FFFh \
  -ASTRING=00h-0FFhx32 -ACONST=00h-0FFhx32 -AENTRY=00h-0FFhx32 \
  -ACOMMON=070h-07Fh -ABANK0=020h-06Fh -ABANK1=0A0h-0EFh \
  -ABANK2=0110h-016Fh -ABANK3=0190h-01EFh \
  -ARAM=020h-06Fh,0A0h-0EFh,0110h-016Fh,0190h-01EFh \
  -AABS1=020h-07Fh,0A0h-0EFh,0110h-016Fh,0190h-01EFh -ASFR0=00h-01Fh \
  -ASFR1=080h-09Fh -ASFR2=0100h-010Fh -ASFR3=0180h-018Fh \
  -preset_vec=00h,intentry=04h,init,end_init -ppowerup=CODE -pcinit=CODE \
  -pfunctab=CODE -ACONFIG=02007h-02008h -pconfig=CONFIG -DCONFIG=2 \
  -AIDLOC=02000h-02003h -pidloc=IDLOC -DIDLOC=2 -AEEDATA=00h-0FFh/02100h \
  -peeprom_data=EEDATA -DEEDATA=2 -DCODE=2 -DSTRCODE=2 -DSTRING=2 -DCONST=2 \
  -DENTRY=2 -k C:\Users\ASUS\AppData\Local\Temp\s2jg.obj \
  dist/default/production\TIMER.X.production.obj 

Object code version is 3.11

Machine type is 16F887



                Name                               Link     Load   Length Selector   Space Scale
C:\Users\ASUS\AppData\Local\Temp\s2jg.obj
                end_init                             12       12        3        8       0
                reset_vec                             0        0        3        0       0
                config                             2007     2007        2     400E       0
dist/default/production\TIMER.X.production.obj
                cinit                                15       15        6        8       0
                intentry                              4        4        E        8       0
                text3                               141      141       23        8       0
                text2                                99       99       5B        8       0
                text1                                F4       F4       4D        8       0
                maintext                             1B       1B       7E        8       0
                cstackBANK0                          20       20        A       20       1
                cstackCOMMON                         70       70        6       70       1
                bssCOMMON                            76       76        2       70       1

TOTAL           Name                               Link     Load   Length     Space
        CLASS   STACK          

        CLASS   CODE           
                end_init                             12       12        3         0
                cinit                                15       15        6         0
                intentry                              4        4        E         0
                reset_vec                             0        0        3         0
                text3                               141      141       23         0
                text2                                99       99       5B         0
                text1                                F4       F4       4D         0
                maintext                             1B       1B       7E         0

        CLASS   STRCODE        

        CLASS   STRING         

        CLASS   CONST          

        CLASS   ENTRY          

        CLASS   COMMON         
                cstackCOMMON                         70       70        6         1
                bssCOMMON                            76       76        2         1

        CLASS   BANK0          
                cstackBANK0                          20       20        A         1

        CLASS   BANK1          

        CLASS   BANK2          

        CLASS   BANK3          

        CLASS   RAM            

        CLASS   ABS1           
                abs_s1                               7E       7E        2         1

        CLASS   SFR0           

        CLASS   SFR1           

        CLASS   SFR2           

        CLASS   SFR3           

        CLASS   CONFIG         
                config                             2007     2007        2         0

        CLASS   IDLOC          

        CLASS   EEDATA         



SEGMENTS        Name                           Load    Length   Top    Selector   Space  Class     Delta

                reset_vec                      000000  000003  000003         0       0  CODE        2
                intentry                       000004  000160  000164         8       0  CODE        2
                cstackBANK0                    000020  00000A  00002A        20       1  BANK0       1
                cstackCOMMON                   000070  000008  000078        70       1  COMMON      1
                config                         002007  000002  002009      400E       0  CONFIG      2


UNUSED ADDRESS RANGES

        Name                Unused          Largest block    Delta
        BANK0            002A-006F             46           1
        BANK1            00A0-00EF             50           1
        BANK2            0110-016F             60           1
        BANK3            0190-01EF             60           1
        CODE             0003-0003              1           2
                         0164-1FFF            800
        COMMON           0078-007D              6           1
        CONST            0003-0003              1           2
                         0164-1FFF            100
        EEDATA           2100-21FF            100           2
        ENTRY            0003-0003              1           2
                         0164-1FFF            100
        IDLOC            2000-2003              4           2
        RAM              002A-006F             46           1
                         00A0-00EF             50
                         0110-016F             60
                         0190-01EF             60
        SFR0             0000-001F             20           1
        SFR1             0080-009F             20           1
        SFR2             0100-010F             10           1
        SFR3             0180-018F             10           1
        STACK            0110-016F             60           1
        STRCODE          0003-0003              1           2
                         0164-1FFF           1E9C
        STRING           0003-0003              1           2
                         0164-1FFF            100

                                  Symbol Table

?___awdiv                cstackBANK0  0020
?___awmod                cstackBANK0  0020
_ANSEL                   (abs)        0188
_ANSELH                  (abs)        0189
_INTCONbits              (abs)        000B
_ISR_TIMER_0             text3        0141
_OPTION_REGbits          (abs)        0081
_PORTAbits               (abs)        0005
_PORTB                   (abs)        0006
_PORTD                   (abs)        0008
_TMR0                    (abs)        0001
_TRISA4                  (abs)        042C
_TRISB0                  (abs)        0430
_TRISD                   (abs)        0088
__CFG_BOR4V$BOR40V       (abs)        0000
__CFG_BOREN$ON           (abs)        0000
__CFG_CP$OFF             (abs)        0000
__CFG_CPD$OFF            (abs)        0000
__CFG_FCMEN$ON           (abs)        0000
__CFG_FOSC$XT            (abs)        0000
__CFG_IESO$ON            (abs)        0000
__CFG_LVP$ON             (abs)        0000
__CFG_MCLRE$ON           (abs)        0000
__CFG_PWRTE$OFF          (abs)        0000
__CFG_WDTE$OFF           (abs)        0000
__CFG_WRT$OFF            (abs)        0000
__Habs1                  abs1         0000
__Hbank0                 bank0        0000
__Hbank1                 bank1        0000
__Hbank2                 bank2        0000
__Hbank3                 bank3        0000
__HbssCOMMON             bssCOMMON    0000
__Hcinit                 cinit        001B
__Hclrtext               clrtext      0000
__Hcode                  code         0000
__Hcommon                common       0000
__Hconfig                config       2009
__HcstackBANK0           cstackBANK0  0000
__HcstackCOMMON          cstackCOMMON 0000
__Heeprom_data           eeprom_data  0000
__Hend_init              end_init     0015
__Hfunctab               functab      0000
__Hidloc                 idloc        0000
__Hinit                  init         0012
__Hintentry              intentry     0012
__Hmaintext              maintext     0000
__Hpowerup               powerup      0000
__Hram                   ram          0000
__Hreset_vec             reset_vec    0003
__Hsfr0                  sfr0         0000
__Hsfr1                  sfr1         0000
__Hsfr2                  sfr2         0000
__Hsfr3                  sfr3         0000
__Hspace_0               (abs)        2009
__Hspace_1               (abs)        0078
__Hspace_2               (abs)        0000
__Hspace_3               (abs)        0000
__Hstack                 stack        0000
__Hstrings               strings      0000
__Htext                  text         0000
__Labs1                  abs1         0000
__Lbank0                 bank0        0000
__Lbank1                 bank1        0000
__Lbank2                 bank2        0000
__Lbank3                 bank3        0000
__LbssCOMMON             bssCOMMON    0000
__Lcinit                 cinit        0015
__Lclrtext               clrtext      0000
__Lcode                  code         0000
__Lcommon                common       0000
__Lconfig                config       2007
__LcstackBANK0           cstackBANK0  0000
__LcstackCOMMON          cstackCOMMON 0000
__Leeprom_data           eeprom_data  0000
__Lend_init              end_init     0012
__Lfunctab               functab      0000
__Lidloc                 idloc        0000
__Linit                  init         0012
__Lintentry              intentry     0004
__Lmaintext              maintext     0000
__Lpowerup               powerup      0000
__Lram                   ram          0000
__Lreset_vec             reset_vec    0000
__Lsfr0                  sfr0         0000
__Lsfr1                  sfr1         0000
__Lsfr2                  sfr2         0000
__Lsfr3                  sfr3         0000
__Lspace_0               (abs)        0000
__Lspace_1               (abs)        0000
__Lspace_2               (abs)        0000
__Lspace_3               (abs)        0000
__Lstack                 stack        0000
__Lstrings               strings      0000
__Ltext                  text         0000
__S0                     (abs)        2009
__S1                     (abs)        0078
__S2                     (abs)        0000
__S3                     (abs)        0000
___awdiv                 text2        0099
___awdiv@counter         cstackBANK0  0024
___awdiv@dividend        cstackBANK0  0022
___awdiv@divisor         cstackBANK0  0020
___awdiv@quotient        cstackBANK0  0026
___awdiv@sign            cstackBANK0  0025
___awmod                 text1        00F4
___awmod@counter         cstackBANK0  0024
___awmod@dividend        cstackBANK0  0022
___awmod@divisor         cstackBANK0  0020
___awmod@sign            cstackBANK0  0025
___int_sp                stack        0000
___latbits               (abs)        0002
___sp                    stack        0000
__end_of_ISR_TIMER_0     text3        0164
__end_of___awdiv         text2        00F4
__end_of___awmod         text1        0141
__end_of__initialization cinit        0017
__end_of_main            maintext     0099
__initialization         cinit        0015
__pbssCOMMON             bssCOMMON    0076
__pcstackBANK0           cstackBANK0  0020
__pcstackCOMMON          cstackCOMMON 0070
__pintentry              intentry     0004
__pmaintext              maintext     001B
__ptext1                 text1        00F4
__ptext2                 text2        0099
__ptext3                 text3        0141
__size_of_ISR_TIMER_0    (abs)        0000
__size_of___awdiv        (abs)        0000
__size_of___awmod        (abs)        0000
__size_of_main           (abs)        0000
_count                   bssCOMMON    0077
_count_ms                bssCOMMON    0076
_main                    maintext     001B
btemp                    (abs)        007E
end_of_initialization    cinit        0017
interrupt_function       intentry     0004
intlevel0                functab      0000
intlevel1                functab      0000
intlevel2                functab      0000
intlevel3                functab      0000
intlevel4                functab      0000
intlevel5                functab      0000
reset_vec                reset_vec    0000
saved_w                  (abs)        007E
stackhi                  (abs)        0000
stacklo                  (abs)        0000
start                    init         0012
start_initialization     cinit        0015
wtemp0                   (abs)        007E


FUNCTION INFORMATION:

 *************** function _main *****************
 Defined at:
		line 30 in file "temporizador.c"
 Parameters:    Size  Location     Type
		None
 Auto vars:     Size  Location     Type
		None
 Return value:  Size  Location     Type
                  2   30[None  ] int 
 Registers used:
		wreg, status,2, status,0, pclath, cstack
 Tracked objects:
		On entry : 
		On exit  : 
		Unchanged: 
 Data sizes:     COMMON   BANK0   BANK1   BANK3   BANK2
      Params:         0       0       0       0       0
      Locals:         0       0       0       0       0
      Temps:          0       2       0       0       0
      Totals:         0       2       0       0       0
Total ram usage:        2 bytes
 Hardware stack levels required when called:    2
 This function calls:
		___awdiv
		___awmod
 This function is called by:
		Startup code after reset
 This function uses a non-reentrant model


 *************** function ___awmod *****************
 Defined at:
		line 6 in file "D:\mplab\sources\common\awmod.c"
 Parameters:    Size  Location     Type
  divisor         2    0[BANK0 ] int 
  dividend        2    2[BANK0 ] int 
 Auto vars:     Size  Location     Type
  sign            1    5[BANK0 ] unsigned char 
  counter         1    4[BANK0 ] unsigned char 
 Return value:  Size  Location     Type
                  2    0[BANK0 ] int 
 Registers used:
		wreg, status,2, status,0
 Tracked objects:
		On entry : 
		On exit  : 
		Unchanged: 
 Data sizes:     COMMON   BANK0   BANK1   BANK3   BANK2
      Params:         0       4       0       0       0
      Locals:         0       2       0       0       0
      Temps:          1       0       0       0       0
      Totals:         1       6       0       0       0
Total ram usage:        7 bytes
 Hardware stack levels used:    1
 Hardware stack levels required when called:    1
 This function calls:
		Nothing
 This function is called by:
		_main
 This function uses a non-reentrant model


 *************** function ___awdiv *****************
 Defined at:
		line 6 in file "D:\mplab\sources\common\awdiv.c"
 Parameters:    Size  Location     Type
  divisor         2    0[BANK0 ] int 
  dividend        2    2[BANK0 ] int 
 Auto vars:     Size  Location     Type
  quotient        2    6[BANK0 ] int 
  sign            1    5[BANK0 ] unsigned char 
  counter         1    4[BANK0 ] unsigned char 
 Return value:  Size  Location     Type
                  2    0[BANK0 ] int 
 Registers used:
		wreg, status,2, status,0
 Tracked objects:
		On entry : 
		On exit  : 
		Unchanged: 
 Data sizes:     COMMON   BANK0   BANK1   BANK3   BANK2
      Params:         0       4       0       0       0
      Locals:         0       4       0       0       0
      Temps:          1       0       0       0       0
      Totals:         1       8       0       0       0
Total ram usage:        9 bytes
 Hardware stack levels used:    1
 Hardware stack levels required when called:    1
 This function calls:
		Nothing
 This function is called by:
		_main
 This function uses a non-reentrant model


 *************** function _ISR_TIMER_0 *****************
 Defined at:
		line 71 in file "temporizador.c"
 Parameters:    Size  Location     Type
		None
 Auto vars:     Size  Location     Type
		None
 Return value:  Size  Location     Type
                  1    wreg      void 
 Registers used:
		wreg, status,2, status,0
 Tracked objects:
		On entry : 
		On exit  : 
		Unchanged: 
 Data sizes:     COMMON   BANK0   BANK1   BANK3   BANK2
      Params:         0       0       0       0       0
      Locals:         0       0       0       0       0
      Temps:          5       0       0       0       0
      Totals:         5       0       0       0       0
Total ram usage:        5 bytes
 Hardware stack levels used:    1
 This function calls:
		Nothing
 This function is called by:
		Interrupt level 1
 This function uses a non-reentrant model



MODULE INFORMATION

Module		Function		Class		Link	Load	Size
D:\mplab\sources\common\awmod.c
		___awmod       		CODE           	00F4	0000	78

D:\mplab\sources\common\awmod.c estimated size: 78

D:\mplab\sources\common\awdiv.c
		___awdiv       		CODE           	0099	0000	92

D:\mplab\sources\common\awdiv.c estimated size: 92

temporizador.c
		_main          		CODE           	001B	0000	127
		_ISR_TIMER_0   		CODE           	0141	0000	36

temporizador.c estimated size: 163

shared
		__initialization		CODE           	0015	0000	3

shared estimated size: 3

