Microchip MPLAB XC8 Compiler V1.41 ()

Linker command line:

-W-3 --edf=D:\mplab\dat\en_msgs.txt -cs \
  -h+dist/default/production\GPS.X.production.sym \
  --cmf=dist/default/production\GPS.X.production.cmf -z -w9 --norlf \
  -Q16F887 -oC:\Users\ASUS\AppData\Local\Temp\scl4.2 \
  -Mdist/default/production/GPS.X.production.map -E1 -ver=XC8 \
  -ACODE=00h-07FFhx4 -ASTRCODE=00h-01FFFh -ASTRING=00h-0FFhx32 \
  -ACONST=00h-0FFhx32 -AENTRY=00h-0FFhx32 -ACOMMON=070h-07Fh \
  -ABANK0=020h-06Fh -ABANK1=0A0h-0EFh -ABANK2=0110h-016Fh \
  -ABANK3=0190h-01EFh -ARAM=020h-06Fh,0A0h-0EFh,0110h-016Fh,0190h-01EFh \
  -AABS1=020h-07Fh,0A0h-0EFh,0110h-016Fh,0190h-01EFh -ASFR0=00h-01Fh \
  -ASFR1=080h-09Fh -ASFR2=0100h-010Fh -ASFR3=0180h-018Fh \
  -preset_vec=00h,intentry,init,end_init -ppowerup=CODE -pcinit=CODE \
  -pfunctab=CODE -ACONFIG=02007h-02008h -pconfig=CONFIG -DCONFIG=2 \
  -AIDLOC=02000h-02003h -pidloc=IDLOC -DIDLOC=2 -AEEDATA=00h-0FFh/02100h \
  -peeprom_data=EEDATA -DEEDATA=2 -DCODE=2 -DSTRCODE=2 -DSTRING=2 -DCONST=2 \
  -DENTRY=2 -k C:\Users\ASUS\AppData\Local\Temp\scl4.obj \
  dist/default/production\GPS.X.production.obj 

Object code version is 3.11

Machine type is 16F887



                Name                               Link     Load   Length Selector   Space Scale
C:\Users\ASUS\AppData\Local\Temp\scl4.obj
                end_init                              E        E        4        0       0
dist/default/production\GPS.X.production.obj
                cinit                               7E0      7E0       20      FC0       0
                intentry                              0        0        E        0       0
                text16_split_1                     14F0     14F0      16A     29E0       0
                text45                             1DAF     1DAF       7C     3B5E       0
                text44                                0        0       29        0       0
                text43                               29       29       14        0       0
                text42                             18FC     18FC       37     31F8       0
                text41                               3D       3D       14        0       0
                text40                               51       51       25        0       0
                text39                             1933     1933       38     3266       0
                text38                             1EB9     1EB9       8F     3D72       0
                text37                             1E2B     1E2B       8E     3C56       0
                text36                             1C61     1C61       6E     38C2       0
                text35                               76       76       1E        0       0
                text34                             1C00     1C00       61     3800       0
                text33                             1B41     1B41       5F     3682       0
                text32                               94       94        A        0       0
                text31                               25       25      109       4A       0
                text30                               9E       9E       21        0       0
                text29                             1BA0     1BA0       60     3740       0
                text28                             1A3B     1A3B       4E     3476       0
                text27                             18CD     18CD       2F     319A       0
                text26                               BF       BF       23        0       0
                text25                             13BD     13BD      133     277A       0
                text24                             1034     1034       C3     2068       0
                text23                             1A89     1A89       5B     3512       0
                text22                             19EE     19EE       4D     33DC       0
                text21                               12       12       13        0       0
                text20                             11C9     11C9       D3     2392       0
                text19                             165A     165A      1A6     2CB4       0
                text18                               E2       E2       10        0       0
                text17                              D4D      D4D      2B3     1A9A       0
                text16                              12E      12E      6B2      25C       0
                text15                             129C     129C      121     2538       0
                text14                               F2       F2       25        0       0
                text13                             1F48     1F48       B8     3E90       0
                text12                             10F7     10F7       D2     21EE       0
                text11                             19AC     19AC       42     3358       0
                text10                             196B     196B       41     32D6       0
                text9                               803      803       14     1006       0
                text8                               AAC      AAC      2A1     1558       0
                text7                              18BC     18BC       11     3178       0
                text6                              1AE4     1AE4       5D     35C8       0
                text5                               817      817       99     102E       0
                text4                              1001     1001       33     2002       0
                text3                              1CCF     1CCF       70     399E       0
                text2                              1D3F     1D3F       70     3A7E       0
                text1                               117      117       1E        0       0
                maintext                            8B0      8B0      1FC     1160       0
                cstackBANK0                          20       20       50       20       1
                cstackCOMMON                         70       70        6       70       1
                cstackBANK1                          A0       A0       48       A0       1
                clrtext                             135      135        8        0       0
                bssBANK2                            110      110       50      110       1
                bssBANK3                            190      190       23      190       1
                bssBANK1                             E8       E8        6       A0       1
                bssCOMMON                            76       76        5       70       1
                strings                            1800     1800       BB     3000       0

TOTAL           Name                               Link     Load   Length     Space
        CLASS   CODE           
                end_init                              E        E        4         0
                cinit                               7E0      7E0       20         0
                intentry                              0        0        E         0
                text16_split_1                     14F0     14F0      16A         0
                text45                             1DAF     1DAF       7C         0
                text44                                0        0       29         0
                text43                               29       29       14         0
                text42                             18FC     18FC       37         0
                text41                               3D       3D       14         0
                text40                               51       51       25         0
                text39                             1933     1933       38         0
                text38                             1EB9     1EB9       8F         0
                text37                             1E2B     1E2B       8E         0
                text36                             1C61     1C61       6E         0
                text35                               76       76       1E         0
                text34                             1C00     1C00       61         0
                text33                             1B41     1B41       5F         0
                text32                               94       94        A         0
                text31                               25       25      109         0
                text30                               9E       9E       21         0
                text29                             1BA0     1BA0       60         0
                text28                             1A3B     1A3B       4E         0
                text27                             18CD     18CD       2F         0
                text26                               BF       BF       23         0
                text25                             13BD     13BD      133         0
                text24                             1034     1034       C3         0
                text23                             1A89     1A89       5B         0
                text22                             19EE     19EE       4D         0
                text21                               12       12       13         0
                text20                             11C9     11C9       D3         0
                text19                             165A     165A      1A6         0
                text18                               E2       E2       10         0
                text17                              D4D      D4D      2B3         0
                text16                              12E      12E      6B2         0
                text15                             129C     129C      121         0
                text14                               F2       F2       25         0
                text13                             1F48     1F48       B8         0
                text12                             10F7     10F7       D2         0
                text11                             19AC     19AC       42         0
                text10                             196B     196B       41         0
                text9                               803      803       14         0
                text8                               AAC      AAC      2A1         0
                text7                              18BC     18BC       11         0
                text6                              1AE4     1AE4       5D         0
                text5                               817      817       99         0
                text4                              1001     1001       33         0
                text3                              1CCF     1CCF       70         0
                text2                              1D3F     1D3F       70         0
                text1                               117      117       1E         0
                maintext                            8B0      8B0      1FC         0
                clrtext                             135      135        8         0

        CLASS   STRCODE        

        CLASS   STRING         
                strings                            1800     1800       BB         0

        CLASS   CONST          

        CLASS   ENTRY          

        CLASS   COMMON         
                cstackCOMMON                         70       70        6         1
                bssCOMMON                            76       76        5         1

        CLASS   BANK0          
                cstackBANK0                          20       20       50         1

        CLASS   BANK1          
                cstackBANK1                          A0       A0       48         1
                bssBANK1                             E8       E8        6         1

        CLASS   BANK2          
                bssBANK2                            110      110       50         1

        CLASS   BANK3          
                bssBANK3                            190      190       23         1

        CLASS   RAM            

        CLASS   ABS1           
                abs_s1                               7E       7E        2         1

        CLASS   SFR0           

        CLASS   SFR1           

        CLASS   SFR2           

        CLASS   SFR3           

        CLASS   CONFIG         

        CLASS   IDLOC          

        CLASS   EEDATA         

        CLASS   STACK          



SEGMENTS        Name                           Load    Length   Top    Selector   Space  Class     Delta

                reset_vec                      000000  000025  000025         0       0  CODE        2
                cstackBANK0                    000020  000050  000070        20       1  BANK0       1
                text31                         000025  000109  00012E        4A       0  CODE        2
                cstackCOMMON                   000070  00000B  00007B        70       1  COMMON      1
                cstackBANK1                    0000A0  00004E  0000EE        A0       1  BANK1       1
                bssBANK2                       000110  000050  000160       110       1  BANK2       1
                bssBANK3                       000190  000023  0001B3       190       1  BANK3       1
                text16                         00012E  0006B2  0007E0       25C       0  CODE        2
                cinit                          0007E0  000020  000800       FC0       0  CODE        2
                text9                          000803  000014  000817      1006       0  CODE        2
                text5                          000817  000099  0008B0      102E       0  CODE        2
                maintext                       0008B0  0001FC  000AAC      1160       0  CODE        2
                text8                          000AAC  0002A1  000D4D      1558       0  CODE        2
                text17                         000D4D  0002B3  001000      1A9A       0  CODE        2
                text4                          001001  000033  001034      2002       0  CODE        2
                text24                         001034  0000C3  0010F7      2068       0  CODE        2
                text12                         0010F7  0000D2  0011C9      21EE       0  CODE        2
                text20                         0011C9  0000D3  00129C      2392       0  CODE        2
                text15                         00129C  000121  0013BD      2538       0  CODE        2
                text25                         0013BD  000133  0014F0      277A       0  CODE        2
                text16_split_1                 0014F0  00016A  00165A      29E0       0  CODE        2
                text19                         00165A  0001A6  001800      2CB4       0  CODE        2
                strings                        001800  0000BB  0018BB      3000       0  STRING      2
                text7                          0018BC  000011  0018CD      3178       0  CODE        2
                text27                         0018CD  00002F  0018FC      319A       0  CODE        2
                text42                         0018FC  000037  001933      31F8       0  CODE        2
                text39                         001933  000038  00196B      3266       0  CODE        2
                text10                         00196B  000041  0019AC      32D6       0  CODE        2
                text11                         0019AC  000042  0019EE      3358       0  CODE        2
                text22                         0019EE  00004D  001A3B      33DC       0  CODE        2
                text28                         001A3B  00004E  001A89      3476       0  CODE        2
                text23                         001A89  00005B  001AE4      3512       0  CODE        2
                text6                          001AE4  00005D  001B41      35C8       0  CODE        2
                text33                         001B41  00005F  001BA0      3682       0  CODE        2
                text29                         001BA0  000060  001C00      3740       0  CODE        2
                text34                         001C00  000061  001C61      3800       0  CODE        2
                text36                         001C61  00006E  001CCF      38C2       0  CODE        2
                text3                          001CCF  000070  001D3F      399E       0  CODE        2
                text2                          001D3F  000070  001DAF      3A7E       0  CODE        2
                text45                         001DAF  00007C  001E2B      3B5E       0  CODE        2
                text37                         001E2B  00008E  001EB9      3C56       0  CODE        2
                text38                         001EB9  00008F  001F48      3D72       0  CODE        2
                text13                         001F48  0000B8  002000      3E90       0  CODE        2


UNUSED ADDRESS RANGES

        Name                Unused          Largest block    Delta
        BANK1            0000EE-0000EF                2           1
        BANK2            000160-00016F               10           1
        BANK3            0001B3-0001EF               3D           1
        CODE             000800-000802                3           2
                         001000-001000                1
                         0018BB-0018BB                1
        COMMON           00007B-00007D                3           1
        CONFIG           002007-002008                2           2
        CONST            000800-000802                3           2
                         001000-001000                1
                         0018BB-0018BB                1
        EEDATA           002100-0021FF              100           2
        ENTRY            000800-000802                3           2
                         001000-001000                1
                         0018BB-0018BB                1
        IDLOC            002000-002003                4           2
        RAM              0000EE-0000EF                2           1
                         000160-00016F               10
                         0001B3-0001EF               3D
        SFR0             000000-00001F               20           1
        SFR1             000080-00009F               20           1
        SFR2             000100-00010F               10           1
        SFR3             000180-00018F               10           1
        STRCODE          000800-000802                3           2
                         001000-001000                1
                         0018BB-0018BB                1
        STRING           000800-000802                3           2
                         001000-001000                1
                         0018BB-0018BB                1

                                  Symbol Table

_MSdelay                         text44       000000
__CFG_BOR4V$BOR40V               (abs)        000000
__CFG_BOREN$ON                   (abs)        000000
__CFG_CP$OFF                     (abs)        000000
__CFG_CPD$OFF                    (abs)        000000
__CFG_FCMEN$ON                   (abs)        000000
__CFG_FOSC$XT                    (abs)        000000
__CFG_IESO$ON                    (abs)        000000
__CFG_LVP$ON                     (abs)        000000
__CFG_MCLRE$ON                   (abs)        000000
__CFG_PWRTE$OFF                  (abs)        000000
__CFG_WDTE$OFF                   (abs)        000000
__CFG_WRT$OFF                    (abs)        000000
__Habs1                          abs1         000000
__Hbank0                         bank0        000000
__Hbank1                         bank1        000000
__Hbank2                         bank2        000000
__Hbank3                         bank3        000000
__Hclrtext                       clrtext      000000
__Hcode                          code         000000
__Hcommon                        common       000000
__Hconfig                        config       000000
__Heeprom_data                   eeprom_data  000000
__Hfunctab                       functab      000000
__Hidloc                         idloc        000000
__Hmaintext                      maintext     000000
__Hpowerup                       powerup      000000
__Hram                           ram          000000
__Hreset_vec                     reset_vec    000000
__Hsfr0                          sfr0         000000
__Hsfr1                          sfr1         000000
__Hsfr2                          sfr2         000000
__Hsfr3                          sfr3         000000
__Hspace_2                       (abs)        000000
__Hspace_3                       (abs)        000000
__Hstack                         stack        000000
__Hstrings                       strings      000000
__Htext                          text         000000
__Labs1                          abs1         000000
__Lbank0                         bank0        000000
__Lbank1                         bank1        000000
__Lbank2                         bank2        000000
__Lbank3                         bank3        000000
__Lclrtext                       clrtext      000000
__Lcode                          code         000000
__Lcommon                        common       000000
__Lconfig                        config       000000
__Leeprom_data                   eeprom_data  000000
__Lfunctab                       functab      000000
__Lidloc                         idloc        000000
__Lintentry                      intentry     000000
__Lmaintext                      maintext     000000
__Lpowerup                       powerup      000000
__Lram                           ram          000000
__Lreset_vec                     reset_vec    000000
__Lsfr0                          sfr0         000000
__Lsfr1                          sfr1         000000
__Lsfr2                          sfr2         000000
__Lsfr3                          sfr3         000000
__Lspace_0                       (abs)        000000
__Lspace_1                       (abs)        000000
__Lspace_2                       (abs)        000000
__Lspace_3                       (abs)        000000
__Lstack                         stack        000000
__Lstrings                       strings      000000
__Ltext                          text         000000
__S3                             (abs)        000000
___int_sp                        stack        000000
___sp                            stack        000000
__pintentry                      intentry     000000
__ptext44                        text44       000000
__size_of_LCD_Char               (abs)        000000
__size_of_LCD_Command            (abs)        000000
__size_of_LCD_Init               (abs)        000000
__size_of_LCD_String             (abs)        000000
__size_of_LCD_String_xy          (abs)        000000
__size_of_MSdelay                (abs)        000000
__size_of_Serial_ISR             (abs)        000000
__size_of_USART_Init             (abs)        000000
__size_of___aldiv                (abs)        000000
__size_of___altoft               (abs)        000000
__size_of___awdiv                (abs)        000000
__size_of___awmod                (abs)        000000
__size_of___awtoft               (abs)        000000
__size_of___bmul                 (abs)        000000
__size_of___ftadd                (abs)        000000
__size_of___ftdiv                (abs)        000000
__size_of___ftge                 (abs)        000000
__size_of___ftmul                (abs)        000000
__size_of___ftneg                (abs)        000000
__size_of___ftpack               (abs)        000000
__size_of___ftsub                (abs)        000000
__size_of___fttol                (abs)        000000
__size_of___lbtoft               (abs)        000000
__size_of___lldiv                (abs)        000000
__size_of___llmod                (abs)        000000
__size_of___lltoft               (abs)        000000
__size_of___lmul                 (abs)        000000
__size_of___wmul                 (abs)        000000
__size_of__div_to_l_             (abs)        000000
__size_of__tdiv_to_l_            (abs)        000000
__size_of_atof                   (abs)        000000
__size_of_atol                   (abs)        000000
__size_of_convert_time_to_UTC    (abs)        000000
__size_of_convert_to_degrees     (abs)        000000
__size_of_fround                 (abs)        000000
__size_of_get_altitude           (abs)        000000
__size_of_get_gpstime            (abs)        000000
__size_of_get_latitude           (abs)        000000
__size_of_get_longitude          (abs)        000000
__size_of_isdigit                (abs)        000000
__size_of_isspace                (abs)        000000
__size_of_main                   (abs)        000000
__size_of_memset                 (abs)        000000
__size_of_scale                  (abs)        000000
__size_of_sprintf                (abs)        000000
__size_of_strtod                 (abs)        000000
interrupt_function               intentry     000000
intlevel0                        functab      000000
intlevel1                        functab      000000
intlevel2                        functab      000000
intlevel3                        functab      000000
intlevel4                        functab      000000
intlevel5                        functab      000000
reset_vec                        reset_vec    000000
stackhi                          (abs)        000000
stacklo                          (abs)        000000
___latbits                       (abs)        000002
_PORTB                           (abs)        000006
_INTCONbits                      (abs)        00000B
_RCSTA                           (abs)        000018
_RCSTAbits                       (abs)        000018
_RCREG                           (abs)        00001A
__Hinit                          init         00000E
__Hintentry                      intentry     00000E
__Lend_init                      end_init     00000E
__Linit                          init         00000E
pnum$text16                      (abs)        00001C
start                            init         00000E
?___aldiv                        cstackBANK0  000020
?___awmod                        cstackBANK0  000020
?___ftpack                       cstackBANK0  000020
?___llmod                        cstackBANK0  000020
?___lmul                         cstackBANK0  000020
?___wmul                         cstackBANK0  000020
?__div_to_l_                     cstackBANK0  000020
?__tdiv_to_l_                    cstackBANK0  000020
MSdelay@val                      cstackBANK0  000020
___aldiv@divisor                 cstackBANK0  000020
___awmod@divisor                 cstackBANK0  000020
___ftge@ff1                      cstackBANK0  000020
___ftpack@arg                    cstackBANK0  000020
___llmod@divisor                 cstackBANK0  000020
___lmul@multiplier               cstackBANK0  000020
___wmul@multiplier               cstackBANK0  000020
__div_to_l_@f1                   cstackBANK0  000020
__pcstackBANK0                   cstackBANK0  000020
__tdiv_to_l_@f1                  cstackBANK0  000020
_isdigit$604                     cstackBANK0  000020
_isspace$607                     cstackBANK0  000020
memset@c                         cstackBANK0  000020
isdigit@c                        cstackBANK0  000021
isspace@c                        cstackBANK0  000021
MSdelay@i                        cstackBANK0  000022
___awmod@dividend                cstackBANK0  000022
___wmul@multiplicand             cstackBANK0  000022
memset@n                         cstackBANK0  000022
___ftge@ff2                      cstackBANK0  000023
___ftpack@exp                    cstackBANK0  000023
__div_to_l_@f2                   cstackBANK0  000023
__tdiv_to_l_@f2                  cstackBANK0  000023
MSdelay@j                        cstackBANK0  000024
__Hend_init                      end_init     000012
___aldiv@dividend                cstackBANK0  000024
___bmul                          text21       000012
___ftpack@sign                   cstackBANK0  000024
___llmod@dividend                cstackBANK0  000024
___lmul@multiplicand             cstackBANK0  000024
___wmul@product                  cstackBANK0  000024
__ptext21                        text21       000012
___awmod@counter                 cstackBANK0  000025
memset@p                         cstackBANK0  000025
LCD_Char@char_data               cstackBANK0  000026
LCD_Command@cmd                  cstackBANK0  000026
___awmod@sign                    cstackBANK0  000026
memset@p1                        cstackBANK0  000026
?___awdiv                        cstackBANK0  000027
LCD_String@str                   cstackBANK0  000027
___awdiv@divisor                 cstackBANK0  000027
?___altoft                       cstackBANK0  000028
?___awtoft                       cstackBANK0  000028
?___ftdiv                        cstackBANK0  000028
?___lbtoft                       cstackBANK0  000028
?___lltoft                       cstackBANK0  000028
___altoft@c                      cstackBANK0  000028
___awtoft@c                      cstackBANK0  000028
___ftdiv@f2                      cstackBANK0  000028
___lltoft@c                      cstackBANK0  000028
LCD_String_xy@pos                cstackBANK0  000029
___aldiv@counter                 cstackBANK0  000029
___awdiv@dividend                cstackBANK0  000029
___llmod@counter                 cstackBANK0  000029
___lmul@product                  cstackBANK0  000029
?___lldiv                        cstackBANK0  00002A
LCD_String_xy@str                cstackBANK0  00002A
___aldiv@sign                    cstackBANK0  00002A
___lldiv@divisor                 cstackBANK0  00002A
__tdiv_to_l_@quot                cstackBANK0  00002A
LCD_String_xy@row                cstackBANK0  00002B
___aldiv@quotient                cstackBANK0  00002B
___ftdiv@f1                      cstackBANK0  00002B
___awdiv@counter                 cstackBANK0  00002C
?_atol                           cstackBANK0  00002D
___awdiv@sign                    cstackBANK0  00002D
___awtoft@sign                   cstackBANK0  00002D
___lltoft@exp                    cstackBANK0  00002D
___altoft@exp                    cstackBANK0  00002E
___awdiv@quotient                cstackBANK0  00002E
___lldiv@dividend                cstackBANK0  00002E
__div_to_l_@quot                 cstackBANK0  00002E
__tdiv_to_l_@cntr                cstackBANK0  00002E
___altoft@sign                   cstackBANK0  00002F
___lbtoft@c                      cstackBANK0  00002F
__tdiv_to_l_@exp1                cstackBANK0  00002F
___bmul@multiplicand             cstackBANK0  000030
___bmul@product                  cstackBANK0  000032
___ftdiv@cntr                    cstackBANK0  000032
__div_to_l_@cntr                 cstackBANK0  000032
___bmul@multiplier               cstackBANK0  000033
___ftdiv@f3                      cstackBANK0  000033
___lldiv@quotient                cstackBANK0  000033
__div_to_l_@exp1                 cstackBANK0  000033
?___ftmul                        cstackBANK0  000034
___ftmul@f1                      cstackBANK0  000034
atol@sign                        cstackBANK0  000035
___ftdiv@exp                     cstackBANK0  000036
atol@a                           cstackBANK0  000036
___ftdiv@sign                    cstackBANK0  000037
___ftmul@f2                      cstackBANK0  000037
___lldiv@counter                 cstackBANK0  000037
_RC0                             (abs)        000038
_RC1                             (abs)        000039
_RC2                             (abs)        00003A
atol@s                           cstackBANK0  00003A
atol@c                           cstackBANK0  00003B
pnum$text16_split_1              (abs)        00003B
?_get_gpstime                    cstackBANK0  00003C
___ftmul@exp                     cstackBANK0  00003E
___ftmul@f3_as_product           cstackBANK0  00003F
get_gpstime@Time_Buffer          cstackBANK0  000041
___ftmul@cntr                    cstackBANK0  000042
___ftmul@sign                    cstackBANK0  000043
?___ftneg                        cstackBANK0  000044
?_fround                         cstackBANK0  000044
?_scale                          cstackBANK0  000044
___ftneg@f1                      cstackBANK0  000044
?_strtod                         cstackBANK0  000047
strtod@res                       cstackBANK0  000047
_scale$832                       cstackBANK0  000049
___ftadd                         text31       000025
__end_of___bmul                  text21       000025
__ptext31                        text31       000025
scale@scl                        cstackBANK0  00004C
?___fttol                        cstackBANK0  00004D
___fttol@f1                      cstackBANK0  00004D
_fround$831                      cstackBANK0  00004D
_strtod$516                      cstackBANK0  00004E
_fround$830                      cstackBANK0  000050
get_gpstime@_Time                cstackBANK0  000050
_strtod$517                      cstackBANK0  000051
_LCD_Command                     text43       000029
__end_of_MSdelay                 text44       000029
__ptext43                        text43       000029
fround@prec                      cstackBANK0  000053
?___ftadd                        cstackBANK0  000054
___ftadd@f1                      cstackBANK0  000054
_strtod$518                      cstackBANK0  000054
get_gpstime@index                cstackBANK0  000054
___fttol@sign1                   cstackBANK0  000055
___fttol@lval                    cstackBANK0  000056
___ftadd@f2                      cstackBANK0  000057
_strtod$519                      cstackBANK0  000057
___fttol@exp1                    cstackBANK0  00005A
_strtod$515                      cstackBANK0  00005A
USART_Init@baud_rate             cstackBANK0  00005B
strtod@eexp                      cstackBANK0  00005C
strtod@flags                     cstackBANK0  00005D
___ftadd@sign                    cstackBANK0  00005E
strtod@expon                     cstackBANK0  00005E
_GIE                             (abs)        00005F
_USART_Init$829                  cstackBANK0  00005F
___ftadd@exp2                    cstackBANK0  00005F
strtod@_u                        cstackBANK0  00005F
___ftadd@exp1                    cstackBANK0  000060
?___ftsub                        cstackBANK0  000061
?_convert_to_degrees             cstackBANK0  000061
___ftsub@f2                      cstackBANK0  000061
convert_to_degrees@NMEA_lat_long cstackBANK0  000061
USART_Init@temp                  cstackBANK0  000063
strtod@s                         cstackBANK0  000063
?_atof                           cstackBANK0  000064
___ftsub@f1                      cstackBANK0  000064
convert_to_degrees@minutes       cstackBANK0  000064
_RCIF                            (abs)        000065
?_sprintf                        cstackBANK0  000067
convert_to_degrees@dec_deg       cstackBANK0  000067
sprintf@sp                       cstackBANK0  000067
atof@s                           cstackBANK0  000068
?_get_altitude                   cstackBANK0  000069
?_get_latitude                   cstackBANK0  000069
?_get_longitude                  cstackBANK0  000069
sprintf@f                        cstackBANK0  000069
convert_to_degrees@degrees       cstackBANK0  00006A
convert_to_degrees@decimal       cstackBANK0  00006C
__pcstackCOMMON                  cstackCOMMON 000070
Serial_ISR@received_char         cstackCOMMON 000075
_GGA_Index                       bssCOMMON    000076
__pbssCOMMON                     bssCOMMON    000076
_IsLastEndGGA                    bssCOMMON    000078
_IsEndGGA                        bssCOMMON    000079
_CommaCounter                    bssCOMMON    00007A
_LCD_Char                        text41       00003D
__end_of_LCD_Command             text43       00003D
__ptext41                        text41       00003D
btemp                            (abs)        00007E
saved_w                          (abs)        00007E
wtemp0                           (abs)        00007E
_TRISB                           (abs)        000086
_TRISC                           (abs)        000087
_PIE1bits                        (abs)        00008C
_TXSTA                           (abs)        000098
_SPBRG                           (abs)        000099
__pcstackBANK1                   cstackBANK1  0000A0
get_altitude@Alt_Buffer          cstackBANK1  0000A0
get_latitude@Lat_Buffer          cstackBANK1  0000A0
get_longitude@Long_Buffer        cstackBANK1  0000A0
_LCD_String                      text40       000051
__end_of_LCD_Char                text41       000051
__ptext40                        text40       000051
_sprintf$833                     cstackBANK1  0000A6
sprintf@ap                       cstackBANK1  0000A9
sprintf@flag                     cstackBANK1  0000AA
get_altitude@_Altitude           cstackBANK1  0000AC
sprintf@exp                      cstackBANK1  0000AC
sprintf@tmpval                   cstackBANK1  0000AE
get_altitude@alt_pointer         cstackBANK1  0000AF
get_latitude@_latitude           cstackBANK1  0000AF
get_longitude@_longitude         cstackBANK1  0000AF
get_altitude@alt_index           cstackBANK1  0000B0
get_altitude@index               cstackBANK1  0000B1
get_latitude@lat_pointer         cstackBANK1  0000B2
get_longitude@long_pointer       cstackBANK1  0000B2
sprintf@val                      cstackBANK1  0000B2
get_latitude@index               cstackBANK1  0000B3
get_longitude@index              cstackBANK1  0000B3
get_latitude@lat_index           cstackBANK1  0000B4
get_longitude@long_index         cstackBANK1  0000B4
sprintf@prec                     cstackBANK1  0000B6
sprintf@fval                     cstackBANK1  0000B8
sprintf@c                        cstackBANK1  0000BB
convert_time_to_UTC@UTC_Time     cstackBANK1  0000BC
_convert_time_to_UTC$828         cstackBANK1  0000C1
_CREN                            (abs)        0000C4
convert_time_to_UTC@hour         cstackBANK1  0000C5
convert_time_to_UTC@min          cstackBANK1  0000C7
convert_time_to_UTC@sec          cstackBANK1  0000C9
main@GPS_Buffer                  cstackBANK1  0000CC
main@Time                        cstackBANK1  0000DB
main@Altitude                    cstackBANK1  0000DF
main@Latitude                    cstackBANK1  0000E2
main@Longitude                   cstackBANK1  0000E5
_GGA_CODE                        bssBANK1     0000E8
__pbssBANK1                      bssBANK1     0000E8
_IsItGGAString                   bssBANK1     0000EB
_E_W                             bssBANK1     0000EC
___lbtoft                        text35       000076
__end_of_LCD_String              text40       000076
__ptext35                        text35       000076
_N_S                             bssBANK1     0000ED
_GGA_Buffer                      bssBANK2     000110
__pbssBANK2                      bssBANK2     000110
___ftneg                         text32       000094
__end_of___lbtoft                text35       000094
__ptext32                        text32       000094
___ftsub                         text30       00009E
__end_of___ftneg                 text32       00009E
__ptext30                        text30       00009E
___wmul                          text26       0000BF
__end_of___ftsub                 text30       0000BF
__ptext26                        text26       0000BF
_GGA_Pointers                    bssBANK3     000190
__pbssBANK3                      bssBANK3     000190
_Data_Buffer                     bssBANK3     0001A4
__Hspace_1                       (abs)        0001B3
__S1                             (abs)        0001B3
__end_of___wmul                  text26       0000E2
__ptext18                        text18       0000E2
_isdigit                         text18       0000E2
___awtoft                        text14       0000F2
__end_of_isdigit                 text18       0000F2
__ptext14                        text14       0000F2
__end_of___awtoft                text14       000117
__ptext1                         text1        000117
_memset                          text1        000117
__end_of___ftadd                 text31       00012E
__ptext16                        text16       00012E
_sprintf                         text16       00012E
__HcstackBANK0                   cstackBANK0  00026A
__HcstackBANK1                   cstackBANK1  00026A
__HcstackCOMMON                  cstackCOMMON 00026A
__LcstackBANK0                   cstackBANK0  00026A
__LcstackBANK1                   cstackBANK1  00026A
__LcstackCOMMON                  cstackCOMMON 00026A
__end_of_memset                  text1        000135
clear_ram0                       clrtext      000135
__HbssBANK1                      bssBANK1     00027A
__HbssBANK2                      bssBANK2     00027A
__HbssBANK3                      bssBANK3     00027A
__HbssCOMMON                     bssCOMMON    00027A
__LbssBANK1                      bssBANK1     00027A
__LbssBANK2                      bssBANK2     00027A
__LbssBANK3                      bssBANK3     00027A
__LbssCOMMON                     bssCOMMON    00027A
_TRISC6                          (abs)        00043E
_TRISC7                          (abs)        00043F
__Lcinit                         cinit        0007E0
__initialization                 cinit        0007E0
start_initialization             cinit        0007E0
__end_of__initialization         cinit        0007FC
end_of_initialization            cinit        0007FC
__Hcinit                         cinit        000800
__ptext9                         text9        000803
_isspace                         text9        000803
__end_of_isspace                 text9        000817
__ptext5                         text5        000817
_atol                            text5        000817
__end_of_atol                    text5        0008B0
__pmaintext                      maintext     0008B0
_main                            maintext     0008B0
__end_of_main                    maintext     000AAC
__ptext8                         text8        000AAC
_strtod                          text8        000AAC
__end_of_strtod                  text8        000D4D
__ptext17                        text17       000D4D
_scale                           text17       000D4D
__Hspace_0                       (abs)        002000
__S0                             (abs)        002000
__end_of_scale                   text17       001000
__ptext4                         text4        001001
_get_gpstime                     text4        001001
__end_of_get_gpstime             text4        001034
__ptext24                        text24       001034
__tdiv_to_l_                     text24       001034
__end_of__tdiv_to_l_             text24       0010F7
__ptext12                        text12       0010F7
_convert_to_degrees              text12       0010F7
___ftmul                         text20       0011C9
__end_of_convert_to_degrees      text12       0011C9
__ptext20                        text20       0011C9
__end_of___ftmul                 text20       00129C
__ptext15                        text15       00129C
_convert_time_to_UTC             text15       00129C
__div_to_l_                      text25       0013BD
__end_of_convert_time_to_UTC     text15       0013BD
__ptext25                        text25       0013BD
__end_of__div_to_l_              text25       0014F0
__end_of_sprintf                 text16_split_1 001657
__ptext19                        text19       00165A
_fround                          text19       00165A
__end_of_fround                  text19       001800
__pstrings                       strings      001800
__stringtab                      strings      001800
__stringbase                     strings      00180F
__end_of__stringtab              strings      001810
_dpowers                         strings      001810
__end_of_dpowers                 strings      001838
__powers_                        strings      001838
__end_of__powers_                strings      00185F
__npowers_                       strings      00185F
__end_of__npowers_               strings      001886
__ptext7                         text7        0018BC
_atof                            text7        0018BC
___lltoft                        text27       0018CD
__end_of_atof                    text7        0018CD
__ptext27                        text27       0018CD
_LCD_Init                        text42       0018FC
__end_of___lltoft                text27       0018FC
__ptext42                        text42       0018FC
_LCD_String_xy                   text39       001933
__end_of_LCD_Init                text42       001933
__ptext39                        text39       001933
___lmul                          text10       00196B
__end_of_LCD_String_xy           text39       00196B
__ptext10                        text10       00196B
___altoft                        text11       0019AC
__end_of___lmul                  text10       0019AC
__ptext11                        text11       0019AC
___awmod                         text22       0019EE
__end_of___altoft                text11       0019EE
__ptext22                        text22       0019EE
___llmod                         text28       001A3B
__end_of___awmod                 text22       001A3B
__ptext28                        text28       001A3B
___awdiv                         text23       001A89
__end_of___llmod                 text28       001A89
__ptext23                        text23       001A89
__end_of___awdiv                 text23       001AE4
__ptext6                         text6        001AE4
_get_altitude                    text6        001AE4
___ftge                          text33       001B41
__end_of_get_altitude            text6        001B41
__ptext33                        text33       001B41
___lldiv                         text29       001BA0
__end_of___ftge                  text33       001BA0
__ptext29                        text29       001BA0
_USART_Init                      text34       001C00
__end_of___lldiv                 text29       001C00
__ptext34                        text34       001C00
___ftpack                        text36       001C61
__end_of_USART_Init              text34       001C61
__ptext36                        text36       001C61
__end_of___ftpack                text36       001CCF
__ptext3                         text3        001CCF
_get_latitude                    text3        001CCF
__end_of_get_latitude            text3        001D3F
__ptext2                         text2        001D3F
_get_longitude                   text2        001D3F
_Serial_ISR                      text45       001DAF
__end_of_get_longitude           text2        001DAF
__ptext45                        text45       001DAF
___fttol                         text37       001E2B
__end_of_Serial_ISR              text45       001E2B
__ptext37                        text37       001E2B
___aldiv                         text38       001EB9
__end_of___fttol                 text37       001EB9
__ptext38                        text38       001EB9
___ftdiv                         text13       001F48
__end_of___aldiv                 text38       001F48
__ptext13                        text13       001F48
__end_of___ftdiv                 text13       002000
psplit$0                         (abs)        1C003B
