Microchip MPLAB XC8 Compiler V1.41 ()

Linker command line:

-W-3 --edf=D:\mplab\dat\en_msgs.txt -cs \
  -h+dist/default/production\GPS_TEST.X.production.sym \
  --cmf=dist/default/production\GPS_TEST.X.production.cmf -z -w9 --norlf \
  -Q16F887 -oC:\Users\ASUS\AppData\Local\Temp\s8o4.2 \
  -Mdist/default/production/GPS_TEST.X.production.map -E1 -ver=XC8 \
  -ACODE=00h-07FFhx4 -ASTRCODE=00h-01FFFh -ASTRING=00h-0FFhx32 \
  -ACONST=00h-0FFhx32 -AENTRY=00h-0FFhx32 -ACOMMON=070h-07Fh \
  -ABANK0=020h-06Fh -ABANK1=0A0h-0EFh -ABANK2=0110h-016Fh \
  -ABANK3=0190h-01EFh -ARAM=020h-06Fh,0A0h-0EFh,0110h-016Fh,0190h-01EFh \
  -AABS1=020h-07Fh,0A0h-0EFh,0110h-016Fh,0190h-01EFh -ASFR0=00h-01Fh \
  -ASFR1=080h-09Fh -ASFR2=0100h-010Fh -ASFR3=0180h-018Fh \
  -preset_vec=00h,intentry,init,end_init -ppowerup=CODE -pcinit=CODE \
  -pfunctab=CODE -ACONFIG=02007h-02008h -pconfig=CONFIG -DCONFIG=2 \
  -AIDLOC=02000h-02003h -pidloc=IDLOC -DIDLOC=2 -AEEDATA=00h-0FFh/02100h \
  -peeprom_data=EEDATA -DEEDATA=2 -DCODE=2 -DSTRCODE=2 -DSTRING=2 -DCONST=2 \
  -DENTRY=2 -k C:\Users\ASUS\AppData\Local\Temp\s8o4.obj \
  dist/default/production\GPS_TEST.X.production.obj 

Object code version is 3.11

Machine type is 16F887



                Name                               Link     Load   Length Selector   Space Scale
C:\Users\ASUS\AppData\Local\Temp\s8o4.obj
                end_init                              E        E        4        0       0
dist/default/production\GPS_TEST.X.production.obj
                cinit                               7E0      7E0       20      FC0       0
                intentry                              0        0        E        0       0
                text17_split_1                     123D     123D      16A     247A       0
                text43                             1B32     1B32       7C     3664       0
                text42                                0        0       13        0       0
                text41                               13       13       3D        0       0
                text40                             1C3C     1C3C       8F     3878       0
                text39                               50       50       46        0       0
                text38                               96       96        8        0       0
                text37                               9E       9E       19        0       0
                text36                             1A05     1A05       5F     340A       0
                text35                             189A     189A        A     3134       0
                text34                             1AC4     1AC4       6E     3588       0
                text33                               25       25      109       4A       0
                text32                               B7       B7       21        0       0
                text31                             1BAE     1BAE       8E     375C       0
                text30                             1A64     1A64       60     34C8       0
                text29                             18A4     18A4       4E     3148       0
                text28                              800      800       2F      FC0       0
                text27                               D8       D8       23        0       0
                text26                             110A     110A      133     2214       0
                text25                             1E1C     1E1C       C3     3C38       0
                text24                             18F2     18F2       5B     31E4       0
                text23                               FB       FB       4D        0       0
                text22                               12       12       13        0       0
                text21                              82F      82F       D3     105E       0
                text20                             13A7     13A7      1A6     274E       0
                text19                              148      148       10        0       0
                text18                             154D     154D      2B3     2A9A       0
                text17                              12E      12E      6B2      25C       0
                text16                             1EDF     1EDF      121     3DBE       0
                text15                              158      158       25        0       0
                text14                             1D64     1D64       B8     3AC8       0
                text13                             1038     1038       D2     2070       0
                text12                              17D      17D       41        0       0
                text11                             1CCB     1CCB       99     3996       0
                text10                             1005     1005       33     200A       0
                text9                               1BE      1BE       42        0       0
                text8                               200      200       14        0       0
                text7                               BE3      BE3      41D     17C6       0
                text6                               214      214       1B        0       0
                text5                              194D     194D       5C     329A       0
                text4                              19A9     19A9       5C     3352       0
                text3                               22F      22F       1E        0       0
                text2                               24D      24D       2D        0       0
                text1                               27A      27A       1C        0       0
                maintext                            902      902      2E1     1204       0
                cstackBANK0                          20       20       50       20       1
                cstackCOMMON                         70       70        6       70       1
                cstackBANK1                          A0       A0       46       A0       1
                cstackBANK2                         160      160        6      110       1
                cstackBANK3                         1EA      1EA        4      190       1
                clrtext                             296      296        8        0       0
                bssBANK2                            110      110       50      110       1
                bssBANK3                            190      190       5A      190       1
                bssBANK1                             E6       E6        6       A0       1
                bssCOMMON                            76       76        5       70       1
                nvBANK3                             1EE      1EE        2      190       1
                nvBANK1                              EC       EC        4       A0       1
                strings                            1800     1800       9A     3000       0

TOTAL           Name                               Link     Load   Length     Space
        CLASS   CODE           
                end_init                              E        E        4         0
                cinit                               7E0      7E0       20         0
                intentry                              0        0        E         0
                text17_split_1                     123D     123D      16A         0
                text43                             1B32     1B32       7C         0
                text42                                0        0       13         0
                text41                               13       13       3D         0
                text40                             1C3C     1C3C       8F         0
                text39                               50       50       46         0
                text38                               96       96        8         0
                text37                               9E       9E       19         0
                text36                             1A05     1A05       5F         0
                text35                             189A     189A        A         0
                text34                             1AC4     1AC4       6E         0
                text33                               25       25      109         0
                text32                               B7       B7       21         0
                text31                             1BAE     1BAE       8E         0
                text30                             1A64     1A64       60         0
                text29                             18A4     18A4       4E         0
                text28                              800      800       2F         0
                text27                               D8       D8       23         0
                text26                             110A     110A      133         0
                text25                             1E1C     1E1C       C3         0
                text24                             18F2     18F2       5B         0
                text23                               FB       FB       4D         0
                text22                               12       12       13         0
                text21                              82F      82F       D3         0
                text20                             13A7     13A7      1A6         0
                text19                              148      148       10         0
                text18                             154D     154D      2B3         0
                text17                              12E      12E      6B2         0
                text16                             1EDF     1EDF      121         0
                text15                              158      158       25         0
                text14                             1D64     1D64       B8         0
                text13                             1038     1038       D2         0
                text12                              17D      17D       41         0
                text11                             1CCB     1CCB       99         0
                text10                             1005     1005       33         0
                text9                               1BE      1BE       42         0
                text8                               200      200       14         0
                text7                               BE3      BE3      41D         0
                text6                               214      214       1B         0
                text5                              194D     194D       5C         0
                text4                              19A9     19A9       5C         0
                text3                               22F      22F       1E         0
                text2                               24D      24D       2D         0
                text1                               27A      27A       1C         0
                maintext                            902      902      2E1         0
                clrtext                             296      296        8         0

        CLASS   STRCODE        

        CLASS   STRING         
                strings                            1800     1800       9A         0

        CLASS   CONST          

        CLASS   ENTRY          

        CLASS   COMMON         
                cstackCOMMON                         70       70        6         1
                bssCOMMON                            76       76        5         1

        CLASS   BANK0          
                cstackBANK0                          20       20       50         1

        CLASS   BANK1          
                cstackBANK1                          A0       A0       46         1
                bssBANK1                             E6       E6        6         1
                nvBANK1                              EC       EC        4         1

        CLASS   BANK2          
                cstackBANK2                         160      160        6         1
                bssBANK2                            110      110       50         1

        CLASS   BANK3          
                cstackBANK3                         1EA      1EA        4         1
                bssBANK3                            190      190       5A         1
                nvBANK3                             1EE      1EE        2         1

        CLASS   RAM            

        CLASS   ABS1           
                abs_s1                               7E       7E        2         1

        CLASS   SFR0           

        CLASS   SFR1           

        CLASS   SFR2           

        CLASS   SFR3           

        CLASS   CONFIG         

        CLASS   IDLOC          

        CLASS   EEDATA         

        CLASS   STACK          



SEGMENTS        Name                           Load    Length   Top    Selector   Space  Class     Delta

                reset_vec                      000000  000025  000025         0       0  CODE        2
                cstackBANK0                    000020  000050  000070        20       1  BANK0       1
                text33                         000025  000109  00012E        4A       0  CODE        2
                cstackCOMMON                   000070  00000B  00007B        70       1  COMMON      1
                cstackBANK1                    0000A0  000050  0000F0        A0       1  BANK1       1
                bssBANK2                       000110  000056  000166       110       1  BANK2       1
                bssBANK3                       000190  000060  0001F0       190       1  BANK3       1
                text17                         00012E  0006B2  0007E0       25C       0  CODE        2
                cinit                          0007E0  00004F  00082F       FC0       0  CODE        2
                text21                         00082F  0000D3  000902      105E       0  CODE        2
                maintext                       000902  0002E1  000BE3      1204       0  CODE        2
                text7                          000BE3  00041D  001000      17C6       0  CODE        2
                text10                         001005  000033  001038      200A       0  CODE        2
                text13                         001038  0000D2  00110A      2070       0  CODE        2
                text26                         00110A  000133  00123D      2214       0  CODE        2
                text17_split_1                 00123D  00016A  0013A7      247A       0  CODE        2
                text20                         0013A7  0001A6  00154D      274E       0  CODE        2
                text18                         00154D  0002B3  001800      2A9A       0  CODE        2
                strings                        001800  00009A  00189A      3000       0  STRING      2
                text35                         00189A  00000A  0018A4      3134       0  CODE        2
                text29                         0018A4  00004E  0018F2      3148       0  CODE        2
                text24                         0018F2  00005B  00194D      31E4       0  CODE        2
                text5                          00194D  00005C  0019A9      329A       0  CODE        2
                text4                          0019A9  00005C  001A05      3352       0  CODE        2
                text36                         001A05  00005F  001A64      340A       0  CODE        2
                text30                         001A64  000060  001AC4      34C8       0  CODE        2
                text34                         001AC4  00006E  001B32      3588       0  CODE        2
                text43                         001B32  00007C  001BAE      3664       0  CODE        2
                text31                         001BAE  00008E  001C3C      375C       0  CODE        2
                text40                         001C3C  00008F  001CCB      3878       0  CODE        2
                text11                         001CCB  000099  001D64      3996       0  CODE        2
                text14                         001D64  0000B8  001E1C      3AC8       0  CODE        2
                text25                         001E1C  0000C3  001EDF      3C38       0  CODE        2
                text16                         001EDF  000121  002000      3DBE       0  CODE        2


UNUSED ADDRESS RANGES

        Name                Unused          Largest block    Delta
        BANK2            000166-00016F                A           1
        CODE             001000-001004                5           2
        COMMON           00007B-00007D                3           1
        CONFIG           002007-002008                2           2
        CONST            001000-001004                5           2
        EEDATA           002100-0021FF              100           2
        ENTRY            001000-001004                5           2
        IDLOC            002000-002003                4           2
        RAM              000166-00016F                A           1
        SFR0             000000-00001F               20           1
        SFR1             000080-00009F               20           1
        SFR2             000100-00010F               10           1
        SFR3             000180-00018F               10           1
        STRCODE          001000-001004                5           2
        STRING           001000-001004                5           2

                                  Symbol Table

_ADC_Init                        text42       000000
__CFG_BOR4V$BOR40V               (abs)        000000
__CFG_BOREN$ON                   (abs)        000000
__CFG_CP$OFF                     (abs)        000000
__CFG_CPD$OFF                    (abs)        000000
__CFG_FCMEN$ON                   (abs)        000000
__CFG_FOSC$XT                    (abs)        000000
__CFG_IESO$ON                    (abs)        000000
__CFG_LVP$ON                     (abs)        000000
__CFG_MCLRE$ON                   (abs)        000000
__CFG_PWRTE$OFF                  (abs)        000000
__CFG_WDTE$OFF                   (abs)        000000
__CFG_WRT$OFF                    (abs)        000000
__Habs1                          abs1         000000
__Hbank0                         bank0        000000
__Hbank1                         bank1        000000
__Hbank2                         bank2        000000
__Hbank3                         bank3        000000
__Hclrtext                       clrtext      000000
__Hcode                          code         000000
__Hcommon                        common       000000
__Hconfig                        config       000000
__Heeprom_data                   eeprom_data  000000
__Hfunctab                       functab      000000
__Hidloc                         idloc        000000
__Hmaintext                      maintext     000000
__Hpowerup                       powerup      000000
__Hram                           ram          000000
__Hreset_vec                     reset_vec    000000
__Hsfr0                          sfr0         000000
__Hsfr1                          sfr1         000000
__Hsfr2                          sfr2         000000
__Hsfr3                          sfr3         000000
__Hspace_2                       (abs)        000000
__Hspace_3                       (abs)        000000
__Hstack                         stack        000000
__Hstrings                       strings      000000
__Htext                          text         000000
__Labs1                          abs1         000000
__Lbank0                         bank0        000000
__Lbank1                         bank1        000000
__Lbank2                         bank2        000000
__Lbank3                         bank3        000000
__Lclrtext                       clrtext      000000
__Lcode                          code         000000
__Lcommon                        common       000000
__Lconfig                        config       000000
__Leeprom_data                   eeprom_data  000000
__Lfunctab                       functab      000000
__Lidloc                         idloc        000000
__Lintentry                      intentry     000000
__Lmaintext                      maintext     000000
__Lpowerup                       powerup      000000
__Lram                           ram          000000
__Lreset_vec                     reset_vec    000000
__Lsfr0                          sfr0         000000
__Lsfr1                          sfr1         000000
__Lsfr2                          sfr2         000000
__Lsfr3                          sfr3         000000
__Lspace_0                       (abs)        000000
__Lspace_1                       (abs)        000000
__Lspace_2                       (abs)        000000
__Lspace_3                       (abs)        000000
__Lstack                         stack        000000
__Lstrings                       strings      000000
__Ltext                          text         000000
__S3                             (abs)        000000
___int_sp                        stack        000000
___sp                            stack        000000
__pintentry                      intentry     000000
__ptext42                        text42       000000
__size_of_ADC_Init               (abs)        000000
__size_of_ADC_Read               (abs)        000000
__size_of_Serial_ISR             (abs)        000000
__size_of_USART_Init             (abs)        000000
__size_of_USART_SendString       (abs)        000000
__size_of_USART_TxChar           (abs)        000000
__size_of___aldiv                (abs)        000000
__size_of___altoft               (abs)        000000
__size_of___awdiv                (abs)        000000
__size_of___awmod                (abs)        000000
__size_of___awtoft               (abs)        000000
__size_of___bmul                 (abs)        000000
__size_of___ftadd                (abs)        000000
__size_of___ftdiv                (abs)        000000
__size_of___ftge                 (abs)        000000
__size_of___ftmul                (abs)        000000
__size_of___ftneg                (abs)        000000
__size_of___ftpack               (abs)        000000
__size_of___ftsub                (abs)        000000
__size_of___fttol                (abs)        000000
__size_of___lldiv                (abs)        000000
__size_of___llmod                (abs)        000000
__size_of___lltoft               (abs)        000000
__size_of___lmul                 (abs)        000000
__size_of___wmul                 (abs)        000000
__size_of__div_to_l_             (abs)        000000
__size_of__tdiv_to_l_            (abs)        000000
__size_of_atof                   (abs)        000000
__size_of_atol                   (abs)        000000
__size_of_convert_time_to_UTC    (abs)        000000
__size_of_convert_to_degrees     (abs)        000000
__size_of_fround                 (abs)        000000
__size_of_get_gpstime            (abs)        000000
__size_of_get_latitude           (abs)        000000
__size_of_get_longitude          (abs)        000000
__size_of_isdigit                (abs)        000000
__size_of_isspace                (abs)        000000
__size_of_main                   (abs)        000000
__size_of_memset                 (abs)        000000
__size_of_scale                  (abs)        000000
__size_of_sprintf                (abs)        000000
__size_of_strcat                 (abs)        000000
__size_of_strcpy                 (abs)        000000
__size_of_strtod                 (abs)        000000
interrupt_function               intentry     000000
intlevel0                        functab      000000
intlevel1                        functab      000000
intlevel2                        functab      000000
intlevel3                        functab      000000
intlevel4                        functab      000000
intlevel5                        functab      000000
reset_vec                        reset_vec    000000
stackhi                          (abs)        000000
stacklo                          (abs)        000000
___latbits                       (abs)        000002
_INTCONbits                      (abs)        00000B
_RCSTA                           (abs)        000018
_RCSTAbits                       (abs)        000018
_TXREG                           (abs)        000019
_RCREG                           (abs)        00001A
__Hinit                          init         00000E
__Hintentry                      intentry     00000E
__Lend_init                      end_init     00000E
__Linit                          init         00000E
start                            init         00000E
_ADRESH                          (abs)        00001E
_ADCON0                          (abs)        00001F
_ADCON0bits                      (abs)        00001F
?_ADC_Read                       cstackBANK0  000020
?___aldiv                        cstackBANK0  000020
?___awmod                        cstackBANK0  000020
?___ftpack                       cstackBANK0  000020
?___llmod                        cstackBANK0  000020
?___lmul                         cstackBANK0  000020
?___wmul                         cstackBANK0  000020
?__div_to_l_                     cstackBANK0  000020
?__tdiv_to_l_                    cstackBANK0  000020
ADC_Read@channel                 cstackBANK0  000020
USART_TxChar@out                 cstackBANK0  000020
___aldiv@divisor                 cstackBANK0  000020
___awmod@divisor                 cstackBANK0  000020
___ftge@ff1                      cstackBANK0  000020
___ftpack@arg                    cstackBANK0  000020
___llmod@divisor                 cstackBANK0  000020
___lmul@multiplier               cstackBANK0  000020
___wmul@multiplier               cstackBANK0  000020
__div_to_l_@f1                   cstackBANK0  000020
__pcstackBANK0                   cstackBANK0  000020
__tdiv_to_l_@f1                  cstackBANK0  000020
_isdigit$687                     cstackBANK0  000020
_isspace$690                     cstackBANK0  000020
memset@c                         cstackBANK0  000020
strcat@from                      cstackBANK0  000020
strcpy@from                      cstackBANK0  000020
isdigit@c                        cstackBANK0  000021
isspace@c                        cstackBANK0  000021
pnum$text17                      (abs)        000021
USART_SendString@out             cstackBANK0  000022
___awmod@dividend                cstackBANK0  000022
___wmul@multiplicand             cstackBANK0  000022
memset@n                         cstackBANK0  000022
strcpy@to                        cstackBANK0  000022
___ftge@ff2                      cstackBANK0  000023
___ftpack@exp                    cstackBANK0  000023
__div_to_l_@f2                   cstackBANK0  000023
__tdiv_to_l_@f2                  cstackBANK0  000023
strcat@cp                        cstackBANK0  000023
strcpy@cp                        cstackBANK0  000023
__Hend_init                      end_init     000012
___aldiv@dividend                cstackBANK0  000024
___bmul                          text22       000012
___ftpack@sign                   cstackBANK0  000024
___llmod@dividend                cstackBANK0  000024
___lmul@multiplicand             cstackBANK0  000024
___wmul@product                  cstackBANK0  000024
__ptext22                        text22       000012
strcat@to                        cstackBANK0  000024
ADC_Read@digital                 cstackBANK0  000025
___awmod@counter                 cstackBANK0  000025
memset@p                         cstackBANK0  000025
_ADC_Read                        text41       000013
___awmod@sign                    cstackBANK0  000026
__end_of_ADC_Init                text42       000013
__ptext41                        text41       000013
memset@p1                        cstackBANK0  000026
?___awdiv                        cstackBANK0  000027
___awdiv@divisor                 cstackBANK0  000027
?___altoft                       cstackBANK0  000028
?___awtoft                       cstackBANK0  000028
?___lltoft                       cstackBANK0  000028
___altoft@c                      cstackBANK0  000028
___awtoft@c                      cstackBANK0  000028
___lltoft@c                      cstackBANK0  000028
___aldiv@counter                 cstackBANK0  000029
___awdiv@dividend                cstackBANK0  000029
___llmod@counter                 cstackBANK0  000029
___lmul@product                  cstackBANK0  000029
?___lldiv                        cstackBANK0  00002A
___aldiv@sign                    cstackBANK0  00002A
___lldiv@divisor                 cstackBANK0  00002A
__tdiv_to_l_@quot                cstackBANK0  00002A
___aldiv@quotient                cstackBANK0  00002B
___awdiv@counter                 cstackBANK0  00002C
?_atol                           cstackBANK0  00002D
___awdiv@sign                    cstackBANK0  00002D
___awtoft@sign                   cstackBANK0  00002D
___lltoft@exp                    cstackBANK0  00002D
___altoft@exp                    cstackBANK0  00002E
___awdiv@quotient                cstackBANK0  00002E
___lldiv@dividend                cstackBANK0  00002E
__div_to_l_@quot                 cstackBANK0  00002E
__tdiv_to_l_@cntr                cstackBANK0  00002E
USART_Init@baud_rate             cstackBANK0  00002F
___altoft@sign                   cstackBANK0  00002F
__tdiv_to_l_@exp1                cstackBANK0  00002F
___bmul@multiplicand             cstackBANK0  000030
___bmul@product                  cstackBANK0  000032
__div_to_l_@cntr                 cstackBANK0  000032
_USART_Init$921                  cstackBANK0  000033
___bmul@multiplier               cstackBANK0  000033
___lldiv@quotient                cstackBANK0  000033
__div_to_l_@exp1                 cstackBANK0  000033
?___ftmul                        cstackBANK0  000034
___ftmul@f1                      cstackBANK0  000034
atol@sign                        cstackBANK0  000035
atol@a                           cstackBANK0  000036
___ftmul@f2                      cstackBANK0  000037
___lldiv@counter                 cstackBANK0  000037
atol@s                           cstackBANK0  00003A
atol@c                           cstackBANK0  00003B
?_get_gpstime                    cstackBANK0  00003C
pnum$text17_split_1              (abs)        00003D
___ftmul@exp                     cstackBANK0  00003E
___ftmul@f3_as_product           cstackBANK0  00003F
get_gpstime@Time_Buffer          cstackBANK0  000041
___ftmul@cntr                    cstackBANK0  000042
___ftmul@sign                    cstackBANK0  000043
?___ftdiv                        cstackBANK0  000044
?___ftneg                        cstackBANK0  000044
?_fround                         cstackBANK0  000044
?_scale                          cstackBANK0  000044
___ftdiv@f2                      cstackBANK0  000044
___ftneg@f1                      cstackBANK0  000044
___ftdiv@f1                      cstackBANK0  000047
_scale$926                       cstackBANK0  000049
___ftadd                         text33       000025
__end_of___bmul                  text22       000025
__ptext33                        text33       000025
scale@scl                        cstackBANK0  00004C
_fround$925                      cstackBANK0  00004D
___ftdiv@cntr                    cstackBANK0  00004E
___ftdiv@f3                      cstackBANK0  00004F
_fround$924                      cstackBANK0  000050
get_gpstime@_Time                cstackBANK0  000050
___ftdiv@exp                     cstackBANK0  000052
___ftdiv@sign                    cstackBANK0  000053
fround@prec                      cstackBANK0  000053
?___ftadd                        cstackBANK0  000054
?___fttol                        cstackBANK0  000054
?_strtod                         cstackBANK0  000054
___ftadd@f1                      cstackBANK0  000054
___fttol@f1                      cstackBANK0  000054
get_gpstime@index                cstackBANK0  000054
strtod@res                       cstackBANK0  000054
___ftadd@f2                      cstackBANK0  000057
atof@s                           cstackBANK0  00005B
___fttol@sign1                   cstackBANK0  00005C
___fttol@lval                    cstackBANK0  00005D
___ftadd@sign                    cstackBANK0  00005E
_GIE                             (abs)        00005F
___ftadd@exp2                    cstackBANK0  00005F
___ftadd@exp1                    cstackBANK0  000060
?___ftsub                        cstackBANK0  000061
___ftsub@f2                      cstackBANK0  000061
___fttol@exp1                    cstackBANK0  000061
?_convert_to_degrees             cstackBANK0  000062
convert_to_degrees@NMEA_lat_long cstackBANK0  000062
_TXIF                            (abs)        000064
___ftsub@f1                      cstackBANK0  000064
_RCIF                            (abs)        000065
convert_to_degrees@minutes       cstackBANK0  000065
?_sprintf                        cstackBANK0  000067
sprintf@sp                       cstackBANK0  000067
convert_to_degrees@dec_deg       cstackBANK0  000068
sprintf@f                        cstackBANK0  000069
convert_to_degrees@degrees       cstackBANK0  00006B
convert_to_degrees@decimal       cstackBANK0  00006D
__pcstackCOMMON                  cstackCOMMON 000070
Serial_ISR@received_char         cstackCOMMON 000075
_GGA_Index                       bssCOMMON    000076
__pbssCOMMON                     bssCOMMON    000076
_IsLastEndGGA                    bssCOMMON    000078
_IsEndGGA                        bssCOMMON    000079
_CommaCounter                    bssCOMMON    00007A
btemp                            (abs)        00007E
saved_w                          (abs)        00007E
wtemp0                           (abs)        00007E
_PIE1bits                        (abs)        00008C
_TXSTA                           (abs)        000098
_SPBRG                           (abs)        000099
_ADRESL                          (abs)        00009E
_ADCON1bits                      (abs)        00009F
_USART_Init                      text39       000050
__end_of_ADC_Read                text41       000050
__pcstackBANK1                   cstackBANK1  0000A0
__ptext39                        text39       000050
_strtod$599                      cstackBANK1  0000A0
_strtod$600                      cstackBANK1  0000A3
_sprintf$927                     cstackBANK1  0000A6
_strtod$601                      cstackBANK1  0000A6
_strtod$602                      cstackBANK1  0000A9
sprintf@ap                       cstackBANK1  0000A9
sprintf@flag                     cstackBANK1  0000AA
_strtod$598                      cstackBANK1  0000AC
sprintf@exp                      cstackBANK1  0000AC
sprintf@tmpval                   cstackBANK1  0000AE
strtod@eexp                      cstackBANK1  0000AE
strtod@flags                     cstackBANK1  0000AF
strtod@expon                     cstackBANK1  0000B0
strtod@_u                        cstackBANK1  0000B1
sprintf@val                      cstackBANK1  0000B2
strtod@s                         cstackBANK1  0000B5
?_atof                           cstackBANK1  0000B6
sprintf@prec                     cstackBANK1  0000B6
sprintf@fval                     cstackBANK1  0000B8
?_get_latitude                   cstackBANK1  0000BA
?_get_longitude                  cstackBANK1  0000BA
sprintf@c                        cstackBANK1  0000BB
convert_time_to_UTC@UTC_Time     cstackBANK1  0000BC
get_latitude@Lat_Buffer          cstackBANK1  0000BD
get_longitude@Long_Buffer        cstackBANK1  0000BD
_convert_time_to_UTC$923         cstackBANK1  0000C1
_CREN                            (abs)        0000C4
convert_time_to_UTC@hour         cstackBANK1  0000C5
convert_time_to_UTC@min          cstackBANK1  0000C7
convert_time_to_UTC@sec          cstackBANK1  0000C9
get_latitude@_latitude           cstackBANK1  0000CC
get_longitude@_longitude         cstackBANK1  0000CC
get_latitude@lat_pointer         cstackBANK1  0000CF
get_longitude@long_pointer       cstackBANK1  0000CF
get_latitude@index               cstackBANK1  0000D0
get_longitude@index              cstackBANK1  0000D0
get_latitude@lat_index           cstackBANK1  0000D1
get_longitude@long_index         cstackBANK1  0000D1
main@GPS_Buffer                  cstackBANK1  0000D5
_main$922                        cstackBANK1  0000E4
_GGA_CODE                        bssBANK1     0000E6
__pbssBANK1                      bssBANK1     0000E6
_IsItGGAString                   bssBANK1     0000E9
_E_W                             bssBANK1     0000EA
_N_S                             bssBANK1     0000EB
__pnvBANK1                       nvBANK1      0000EC
_temp                            nvBANK1      0000EC
_lm35                            nvBANK1      0000EF
_ADON                            (abs)        0000F8
_GO                              (abs)        0000F9
_GGA_Buffer                      bssBANK2     000110
__pbssBANK2                      bssBANK2     000110
_USART_TxChar                    text38       000096
__end_of_USART_Init              text39       000096
__ptext38                        text38       000096
_USART_SendString                text37       00009E
__end_of_USART_TxChar            text38       00009E
__ptext37                        text37       00009E
__pcstackBANK2                   cstackBANK2  000160
main@Latitude                    cstackBANK2  000160
main@Longitude                   cstackBANK2  000163
___ftsub                         text32       0000B7
__end_of_USART_SendString        text37       0000B7
__ptext32                        text32       0000B7
_ANSEL                           (abs)        000188
_GGA_Pointers                    bssBANK3     000190
__pbssBANK3                      bssBANK3     000190
_stringBT                        bssBANK3     0001A4
___wmul                          text27       0000D8
__end_of___ftsub                 text32       0000D8
__ptext27                        text27       0000D8
_Data_Buffer                     bssBANK3     0001D6
_Temperature                     bssBANK3     0001E5
__pcstackBANK3                   cstackBANK3  0001EA
main@Time                        cstackBANK3  0001EA
__pnvBANK3                       nvBANK3      0001EE
_value_adc                       nvBANK3      0001EE
__Hspace_1                       (abs)        0001F0
__S1                             (abs)        0001F0
___awmod                         text23       0000FB
__end_of___wmul                  text27       0000FB
__ptext23                        text23       0000FB
__end_of___ftadd                 text33       00012E
__ptext17                        text17       00012E
_sprintf                         text17       00012E
__end_of___awmod                 text23       000148
__ptext19                        text19       000148
_isdigit                         text19       000148
___awtoft                        text15       000158
__end_of_isdigit                 text19       000158
__ptext15                        text15       000158
___lmul                          text12       00017D
__end_of___awtoft                text15       00017D
__ptext12                        text12       00017D
___altoft                        text9        0001BE
__end_of___lmul                  text12       0001BE
__ptext9                         text9        0001BE
__end_of___altoft                text9        000200
__ptext8                         text8        000200
_isspace                         text8        000200
_TRISA0                          (abs)        000428
__end_of_isspace                 text8        000214
__ptext6                         text6        000214
_atof                            text6        000214
_TRISC6                          (abs)        00043E
_TRISC7                          (abs)        00043F
__end_of_atof                    text6        00022F
__ptext3                         text3        00022F
_memset                          text3        00022F
__end_of_memset                  text3        00024D
__ptext2                         text2        00024D
_strcat                          text2        00024D
__end_of_strcat                  text2        00027A
__ptext1                         text1        00027A
_strcpy                          text1        00027A
__HcstackBANK0                   cstackBANK0  00052C
__HcstackBANK1                   cstackBANK1  00052C
__HcstackBANK2                   cstackBANK2  00052C
__HcstackBANK3                   cstackBANK3  00052C
__HcstackCOMMON                  cstackCOMMON 00052C
__LcstackBANK0                   cstackBANK0  00052C
__LcstackBANK1                   cstackBANK1  00052C
__LcstackBANK2                   cstackBANK2  00052C
__LcstackBANK3                   cstackBANK3  00052C
__LcstackCOMMON                  cstackCOMMON 00052C
__end_of_strcpy                  text1        000296
clear_ram0                       clrtext      000296
__HbssBANK1                      bssBANK1     00053C
__HbssBANK2                      bssBANK2     00053C
__HbssBANK3                      bssBANK3     00053C
__HbssCOMMON                     bssCOMMON    00053C
__HnvBANK1                       nvBANK1      00053C
__HnvBANK3                       nvBANK3      00053C
__LbssBANK1                      bssBANK1     00053C
__LbssBANK2                      bssBANK2     00053C
__LbssBANK3                      bssBANK3     00053C
__LbssCOMMON                     bssCOMMON    00053C
__LnvBANK1                       nvBANK1      00053C
__LnvBANK3                       nvBANK3      00053C
__Lcinit                         cinit        0007E0
__initialization                 cinit        0007E0
__end_of__initialization         cinit        0007FC
__Hcinit                         cinit        000800
___lltoft                        text28       000800
__ptext28                        text28       000800
___ftmul                         text21       00082F
__end_of___lltoft                text28       00082F
__ptext21                        text21       00082F
__end_of___ftmul                 text21       000902
__pmaintext                      maintext     000902
_main                            maintext     000902
__end_of_main                    maintext     000BE3
__ptext7                         text7        000BE3
_strtod                          text7        000BE3
__Hspace_0                       (abs)        002000
__S0                             (abs)        002000
__end_of_strtod                  text7        001000
__ptext10                        text10       001005
_get_gpstime                     text10       001005
__end_of_get_gpstime             text10       001038
__ptext13                        text13       001038
_convert_to_degrees              text13       001038
__div_to_l_                      text26       00110A
__end_of_convert_to_degrees      text13       00110A
__ptext26                        text26       00110A
__end_of__div_to_l_              text26       00123D
__end_of_sprintf                 text17_split_1 0013A4
__ptext20                        text20       0013A7
_fround                          text20       0013A7
__end_of_fround                  text20       00154D
__ptext18                        text18       00154D
_scale                           text18       00154D
__end_of_scale                   text18       001800
__pstrings                       strings      001800
__stringtab                      strings      001800
__stringbase                     strings      00180F
__end_of__stringtab              strings      001810
_dpowers                         strings      001810
__end_of_dpowers                 strings      001838
__powers_                        strings      001838
__end_of__powers_                strings      00185F
__npowers_                       strings      00185F
__end_of__npowers_               strings      001886
___ftneg                         text35       00189A
__ptext35                        text35       00189A
___llmod                         text29       0018A4
__end_of___ftneg                 text35       0018A4
__ptext29                        text29       0018A4
___awdiv                         text24       0018F2
__end_of___llmod                 text29       0018F2
__ptext24                        text24       0018F2
__end_of___awdiv                 text24       00194D
__ptext5                         text5        00194D
_get_latitude                    text5        00194D
__end_of_get_latitude            text5        0019A9
__ptext4                         text4        0019A9
_get_longitude                   text4        0019A9
___ftge                          text36       001A05
__end_of_get_longitude           text4        001A05
__ptext36                        text36       001A05
___lldiv                         text30       001A64
__end_of___ftge                  text36       001A64
__ptext30                        text30       001A64
___ftpack                        text34       001AC4
__end_of___lldiv                 text30       001AC4
__ptext34                        text34       001AC4
_Serial_ISR                      text43       001B32
__end_of___ftpack                text34       001B32
__ptext43                        text43       001B32
___fttol                         text31       001BAE
__end_of_Serial_ISR              text43       001BAE
__ptext31                        text31       001BAE
___aldiv                         text40       001C3C
__end_of___fttol                 text31       001C3C
__ptext40                        text40       001C3C
__end_of___aldiv                 text40       001CCB
__ptext11                        text11       001CCB
_atol                            text11       001CCB
___ftdiv                         text14       001D64
__end_of_atol                    text11       001D64
__ptext14                        text14       001D64
__end_of___ftdiv                 text14       001E1C
__ptext25                        text25       001E1C
__tdiv_to_l_                     text25       001E1C
__end_of__tdiv_to_l_             text25       001EDF
__ptext16                        text16       001EDF
_convert_time_to_UTC             text16       001EDF
__end_of_convert_time_to_UTC     text16       002000
end_of_initialization            cinit        0007FC
psplit$0                         (abs)        21003D
start_initialization             cinit        0007E0
